Archive member included to satisfy reference by file (symbol)

c:/st/stm32cubeide_1.11.0/stm32cubeide/plugins/com.st.stm32cube.ide.mcu.externaltools.gnu-tools-for-stm32.10.3-2021.10.win32_1.0.100.202210260954/tools/bin/../lib/gcc/arm-none-eabi/10.3.1/../../../../arm-none-eabi/lib/thumb/v7e-m+fp/hard\libc_nano.a(lib_a-atoi.o)
                              ./Core/Src/main.o (atoi)
c:/st/stm32cubeide_1.11.0/stm32cubeide/plugins/com.st.stm32cube.ide.mcu.externaltools.gnu-tools-for-stm32.10.3-2021.10.win32_1.0.100.202210260954/tools/bin/../lib/gcc/arm-none-eabi/10.3.1/../../../../arm-none-eabi/lib/thumb/v7e-m+fp/hard\libc_nano.a(lib_a-errno.o)
                              ./Core/Src/syscalls.o (__errno)
c:/st/stm32cubeide_1.11.0/stm32cubeide/plugins/com.st.stm32cube.ide.mcu.externaltools.gnu-tools-for-stm32.10.3-2021.10.win32_1.0.100.202210260954/tools/bin/../lib/gcc/arm-none-eabi/10.3.1/../../../../arm-none-eabi/lib/thumb/v7e-m+fp/hard\libc_nano.a(lib_a-exit.o)
                              c:/st/stm32cubeide_1.11.0/stm32cubeide/plugins/com.st.stm32cube.ide.mcu.externaltools.gnu-tools-for-stm32.10.3-2021.10.win32_1.0.100.202210260954/tools/bin/../lib/gcc/arm-none-eabi/10.3.1/../../../../arm-none-eabi/lib/thumb/v7e-m+fp/hard/crt0.o (exit)
c:/st/stm32cubeide_1.11.0/stm32cubeide/plugins/com.st.stm32cube.ide.mcu.externaltools.gnu-tools-for-stm32.10.3-2021.10.win32_1.0.100.202210260954/tools/bin/../lib/gcc/arm-none-eabi/10.3.1/../../../../arm-none-eabi/lib/thumb/v7e-m+fp/hard\libc_nano.a(lib_a-impure.o)
                              c:/st/stm32cubeide_1.11.0/stm32cubeide/plugins/com.st.stm32cube.ide.mcu.externaltools.gnu-tools-for-stm32.10.3-2021.10.win32_1.0.100.202210260954/tools/bin/../lib/gcc/arm-none-eabi/10.3.1/../../../../arm-none-eabi/lib/thumb/v7e-m+fp/hard\libc_nano.a(lib_a-exit.o) (_global_impure_ptr)
c:/st/stm32cubeide_1.11.0/stm32cubeide/plugins/com.st.stm32cube.ide.mcu.externaltools.gnu-tools-for-stm32.10.3-2021.10.win32_1.0.100.202210260954/tools/bin/../lib/gcc/arm-none-eabi/10.3.1/../../../../arm-none-eabi/lib/thumb/v7e-m+fp/hard\libc_nano.a(lib_a-init.o)
                              c:/st/stm32cubeide_1.11.0/stm32cubeide/plugins/com.st.stm32cube.ide.mcu.externaltools.gnu-tools-for-stm32.10.3-2021.10.win32_1.0.100.202210260954/tools/bin/../lib/gcc/arm-none-eabi/10.3.1/../../../../arm-none-eabi/lib/thumb/v7e-m+fp/hard/crt0.o (__libc_init_array)
c:/st/stm32cubeide_1.11.0/stm32cubeide/plugins/com.st.stm32cube.ide.mcu.externaltools.gnu-tools-for-stm32.10.3-2021.10.win32_1.0.100.202210260954/tools/bin/../lib/gcc/arm-none-eabi/10.3.1/../../../../arm-none-eabi/lib/thumb/v7e-m+fp/hard\libc_nano.a(lib_a-memset.o)
                              c:/st/stm32cubeide_1.11.0/stm32cubeide/plugins/com.st.stm32cube.ide.mcu.externaltools.gnu-tools-for-stm32.10.3-2021.10.win32_1.0.100.202210260954/tools/bin/../lib/gcc/arm-none-eabi/10.3.1/../../../../arm-none-eabi/lib/thumb/v7e-m+fp/hard/crt0.o (memset)
c:/st/stm32cubeide_1.11.0/stm32cubeide/plugins/com.st.stm32cube.ide.mcu.externaltools.gnu-tools-for-stm32.10.3-2021.10.win32_1.0.100.202210260954/tools/bin/../lib/gcc/arm-none-eabi/10.3.1/../../../../arm-none-eabi/lib/thumb/v7e-m+fp/hard\libc_nano.a(lib_a-printf.o)
                              ./Core/Src/main.o (printf)
c:/st/stm32cubeide_1.11.0/stm32cubeide/plugins/com.st.stm32cube.ide.mcu.externaltools.gnu-tools-for-stm32.10.3-2021.10.win32_1.0.100.202210260954/tools/bin/../lib/gcc/arm-none-eabi/10.3.1/../../../../arm-none-eabi/lib/thumb/v7e-m+fp/hard\libc_nano.a(lib_a-strtol.o)
                              c:/st/stm32cubeide_1.11.0/stm32cubeide/plugins/com.st.stm32cube.ide.mcu.externaltools.gnu-tools-for-stm32.10.3-2021.10.win32_1.0.100.202210260954/tools/bin/../lib/gcc/arm-none-eabi/10.3.1/../../../../arm-none-eabi/lib/thumb/v7e-m+fp/hard\libc_nano.a(lib_a-atoi.o) (_strtol_r)
c:/st/stm32cubeide_1.11.0/stm32cubeide/plugins/com.st.stm32cube.ide.mcu.externaltools.gnu-tools-for-stm32.10.3-2021.10.win32_1.0.100.202210260954/tools/bin/../lib/gcc/arm-none-eabi/10.3.1/../../../../arm-none-eabi/lib/thumb/v7e-m+fp/hard\libc_nano.a(lib_a-ctype_.o)
                              c:/st/stm32cubeide_1.11.0/stm32cubeide/plugins/com.st.stm32cube.ide.mcu.externaltools.gnu-tools-for-stm32.10.3-2021.10.win32_1.0.100.202210260954/tools/bin/../lib/gcc/arm-none-eabi/10.3.1/../../../../arm-none-eabi/lib/thumb/v7e-m+fp/hard\libc_nano.a(lib_a-strtol.o) (_ctype_)
c:/st/stm32cubeide_1.11.0/stm32cubeide/plugins/com.st.stm32cube.ide.mcu.externaltools.gnu-tools-for-stm32.10.3-2021.10.win32_1.0.100.202210260954/tools/bin/../lib/gcc/arm-none-eabi/10.3.1/../../../../arm-none-eabi/lib/thumb/v7e-m+fp/hard\libc_nano.a(lib_a-findfp.o)
                              c:/st/stm32cubeide_1.11.0/stm32cubeide/plugins/com.st.stm32cube.ide.mcu.externaltools.gnu-tools-for-stm32.10.3-2021.10.win32_1.0.100.202210260954/tools/bin/../lib/gcc/arm-none-eabi/10.3.1/../../../../arm-none-eabi/lib/thumb/v7e-m+fp/hard\libc_nano.a(lib_a-printf.o) (__sinit)
[...]
Memory Configuration

Name             Origin             Length             Attributes
RAM              0x0000000020000000 0x0000000000018000 xrw
RAM2             0x0000000010000000 0x0000000000008000 xrw
FLASH            0x0000000008000000 0x0000000000100000 xr
*default*        0x0000000000000000 0xffffffffffffffff

Linker script and memory map

LOAD c:/st/stm32cubeide_1.11.0/stm32cubeide/plugins/com.st.stm32cube.ide.mcu.externaltools.gnu-tools-for-stm32.10.3-2021.10.win32_1.0.100.202210260954/tools/bin/../lib/gcc/arm-none-eabi/10.3.1/thumb/v7e-m+fp/hard/crti.o
LOAD c:/st/stm32cubeide_1.11.0/stm32cubeide/plugins/com.st.stm32cube.ide.mcu.externaltools.gnu-tools-for-stm32.10.3-2021.10.win32_1.0.100.202210260954/tools/bin/../lib/gcc/arm-none-eabi/10.3.1/thumb/v7e-m+fp/hard/crtbegin.o
LOAD c:/st/stm32cubeide_1.11.0/stm32cubeide/plugins/com.st.stm32cube.ide.mcu.externaltools.gnu-tools-for-stm32.10.3-2021.10.win32_1.0.100.202210260954/tools/bin/../lib/gcc/arm-none-eabi/10.3.1/../../../../arm-none-eabi/lib/thumb/v7e-m+fp/hard/crt0.o
LOAD ./Core/Src/dac.o
LOAD ./Core/Src/gpio.o
LOAD ./Core/Src/main.o
LOAD ./Core/Src/stm32l4xx_hal_msp.o
LOAD ./Core/Src/stm32l4xx_it.o
LOAD ./Core/Src/syscalls.o
LOAD ./Core/Src/sysmem.o
LOAD ./Core/Src/system_stm32l4xx.o
LOAD ./Core/Src/usart.o
LOAD ./Core/Startup/startup_stm32l476rgtx.o
LOAD ./Drivers/STM32L4xx_HAL_Driver/Src/stm32l4xx_hal.o
LOAD ./Drivers/STM32L4xx_HAL_Driver/Src/stm32l4xx_hal_cortex.o
LOAD ./Drivers/STM32L4xx_HAL_Driver/Src/stm32l4xx_hal_dac.o
LOAD ./Drivers/STM32L4xx_HAL_Driver/Src/stm32l4xx_hal_dac_ex.o
LOAD ./Drivers/STM32L4xx_HAL_Driver/Src/stm32l4xx_hal_dma.o
LOAD ./Drivers/STM32L4xx_HAL_Driver/Src/stm32l4xx_hal_dma_ex.o
LOAD ./Drivers/STM32L4xx_HAL_Driver/Src/stm32l4xx_hal_exti.o
LOAD ./Drivers/STM32L4xx_HAL_Driver/Src/stm32l4xx_hal_flash.o
LOAD ./Drivers/STM32L4xx_HAL_Driver/Src/stm32l4xx_hal_flash_ex.o
LOAD ./Drivers/STM32L4xx_HAL_Driver/Src/stm32l4xx_hal_flash_ramfunc.o
LOAD ./Drivers/STM32L4xx_HAL_Driver/Src/stm32l4xx_hal_gpio.o
LOAD ./Drivers/STM32L4xx_HAL_Driver/Src/stm32l4xx_hal_i2c.o
LOAD ./Drivers/STM32L4xx_HAL_Driver/Src/stm32l4xx_hal_i2c_ex.o
LOAD ./Drivers/STM32L4xx_HAL_Driver/Src/stm32l4xx_hal_pwr.o
LOAD ./Drivers/STM32L4xx_HAL_Driver/Src/stm32l4xx_hal_pwr_ex.o
LOAD ./Drivers/STM32L4xx_HAL_Driver/Src/stm32l4xx_hal_rcc.o
LOAD ./Drivers/STM32L4xx_HAL_Driver/Src/stm32l4xx_hal_rcc_ex.o
LOAD ./Drivers/STM32L4xx_HAL_Driver/Src/stm32l4xx_hal_tim.o
LOAD ./Drivers/STM32L4xx_HAL_Driver/Src/stm32l4xx_hal_tim_ex.o
LOAD ./Drivers/STM32L4xx_HAL_Driver/Src/stm32l4xx_hal_uart.o
LOAD ./Drivers/STM32L4xx_HAL_Driver/Src/stm32l4xx_hal_uart_ex.o
START GROUP
LOAD c:/st/stm32cubeide_1.11.0/stm32cubeide/plugins/com.st.stm32cube.ide.mcu.externaltools.gnu-tools-for-stm32.10.3-2021.10.win32_1.0.100.202210260954/tools/bin/../lib/gcc/arm-none-eabi/10.3.1/../../../../arm-none-eabi/lib/thumb/v7e-m+fp/hard\libc_nano.a
LOAD c:/st/stm32cubeide_1.11.0/stm32cubeide/plugins/com.st.stm32cube.ide.mcu.externaltools.gnu-tools-for-stm32.10.3-2021.10.win32_1.0.100.202210260954/tools/bin/../lib/gcc/arm-none-eabi/10.3.1/../../../../arm-none-eabi/lib/thumb/v7e-m+fp/hard\libm.a
END GROUP
START GROUP
LOAD c:/st/stm32cubeide_1.11.0/stm32cubeide/plugins/com.st.stm32cube.ide.mcu.externaltools.gnu-tools-for-stm32.10.3-2021.10.win32_1.0.100.202210260954/tools/bin/../lib/gcc/arm-none-eabi/10.3.1/thumb/v7e-m+fp/hard\libgcc.a
LOAD c:/st/stm32cubeide_1.11.0/stm32cubeide/plugins/com.st.stm32cube.ide.mcu.externaltools.gnu-tools-for-stm32.10.3-2021.10.win32_1.0.100.202210260954/tools/bin/../lib/gcc/arm-none-eabi/10.3.1/../../../../arm-none-eabi/lib/thumb/v7e-m+fp/hard\libc_nano.a
END GROUP
START GROUP
LOAD c:/st/stm32cubeide_1.11.0/stm32cubeide/plugins/com.st.stm32cube.ide.mcu.externaltools.gnu-tools-for-stm32.10.3-2021.10.win32_1.0.100.202210260954/tools/bin/../lib/gcc/arm-none-eabi/10.3.1/thumb/v7e-m+fp/hard\libgcc.a
LOAD c:/st/stm32cubeide_1.11.0/stm32cubeide/plugins/com.st.stm32cube.ide.mcu.externaltools.gnu-tools-for-stm32.10.3-2021.10.win32_1.0.100.202210260954/tools/bin/../lib/gcc/arm-none-eabi/10.3.1/../../../../arm-none-eabi/lib/thumb/v7e-m+fp/hard\libc_nano.a
LOAD c:/st/stm32cubeide_1.11.0/stm32cubeide/plugins/com.st.stm32cube.ide.mcu.externaltools.gnu-tools-for-stm32.10.3-2021.10.win32_1.0.100.202210260954/tools/bin/../lib/gcc/arm-none-eabi/10.3.1/../../../../arm-none-eabi/lib/thumb/v7e-m+fp/hard\libnosys.a
END GROUP
START GROUP
LOAD c:/st/stm32cubeide_1.11.0/stm32cubeide/plugins/com.st.stm32cube.ide.mcu.externaltools.gnu-tools-for-stm32.10.3-2021.10.win32_1.0.100.202210260954/tools/bin/../lib/gcc/arm-none-eabi/10.3.1/thumb/v7e-m+fp/hard\libgcc.a
LOAD c:/st/stm32cubeide_1.11.0/stm32cubeide/plugins/com.st.stm32cube.ide.mcu.externaltools.gnu-tools-for-stm32.10.3-2021.10.win32_1.0.100.202210260954/tools/bin/../lib/gcc/arm-none-eabi/10.3.1/../../../../arm-none-eabi/lib/thumb/v7e-m+fp/hard\libc_nano.a
LOAD c:/st/stm32cubeide_1.11.0/stm32cubeide/plugins/com.st.stm32cube.ide.mcu.externaltools.gnu-tools-for-stm32.10.3-2021.10.win32_1.0.100.202210260954/tools/bin/../lib/gcc/arm-none-eabi/10.3.1/../../../../arm-none-eabi/lib/thumb/v7e-m+fp/hard\libnosys.a
END GROUP
LOAD c:/st/stm32cubeide_1.11.0/stm32cubeide/plugins/com.st.stm32cube.ide.mcu.externaltools.gnu-tools-for-stm32.10.3-2021.10.win32_1.0.100.202210260954/tools/bin/../lib/gcc/arm-none-eabi/10.3.1/thumb/v7e-m+fp/hard/crtend.o
LOAD c:/st/stm32cubeide_1.11.0/stm32cubeide/plugins/com.st.stm32cube.ide.mcu.externaltools.gnu-tools-for-stm32.10.3-2021.10.win32_1.0.100.202210260954/tools/bin/../lib/gcc/arm-none-eabi/10.3.1/thumb/v7e-m+fp/hard/crtn.o
                0x0000000020018000                _estack = (ORIGIN (RAM) + LENGTH (RAM))
                0x0000000000000200                _Min_Heap_Size = 0x200
                0x0000000000000400                _Min_Stack_Size = 0x400

.isr_vector     0x0000000008000000      0x188
                0x0000000008000000                . = ALIGN (0x4)
 *(.isr_vector)
 .isr_vector    0x0000000008000000      0x188 ./Core/Startup/startup_stm32l476rgtx.o
                0x0000000008000000                g_pfnVectors
                0x0000000008000188                . = ALIGN (0x4)

.text           0x0000000008000190     0x48a8
                0x0000000008000190                . = ALIGN (0x4)
 *(.text)
 .text          0x0000000008000190       0x40 c:/st/stm32cubeide_1.11.0/stm32cubeide/plugins/com.st.stm32cube.ide.mcu.externaltools.gnu-tools-for-stm32.10.3-2021.10.win32_1.0.100.202210260954/tools/bin/../lib/gcc/arm-none-eabi/10.3.1/thumb/v7e-m+fp/hard/crtbegin.o
 .text          0x00000000080001d0       0xa0 c:/st/stm32cubeide_1.11.0/stm32cubeide/plugins/com.st.stm32cube.ide.mcu.externaltools.gnu-tools-for-stm32.10.3-2021.10.win32_1.0.100.202210260954/tools/bin/../lib/gcc/arm-none-eabi/10.3.1/../../../../arm-none-eabi/lib/thumb/v7e-m+fp/hard\libc_nano.a(lib_a-memchr.o)
                0x00000000080001d0                memchr
 .text          0x0000000008000270       0x30 c:/st/stm32cubeide_1.11.0/stm32cubeide/plugins/com.st.stm32cube.ide.mcu.externaltools.gnu-tools-for-stm32.10.3-2021.10.win32_1.0.100.202210260954/tools/bin/../lib/gcc/arm-none-eabi/10.3.1/thumb/v7e-m+fp/hard\libgcc.a(_aeabi_uldivmod.o)
                0x0000000008000270                __aeabi_uldivmod
 .text          0x00000000080002a0      0x2d0 c:/st/stm32cubeide_1.11.0/stm32cubeide/plugins/com.st.stm32cube.ide.mcu.externaltools.gnu-tools-for-stm32.10.3-2021.10.win32_1.0.100.202210260954/tools/bin/../lib/gcc/arm-none-eabi/10.3.1/thumb/v7e-m+fp/hard\libgcc.a(_udivmoddi4.o)
                0x00000000080002a0                __udivmoddi4
 .text          0x0000000008000570        0x4 c:/st/stm32cubeide_1.11.0/stm32cubeide/plugins/com.st.stm32cube.ide.mcu.externaltools.gnu-tools-for-stm32.10.3-2021.10.win32_1.0.100.202210260954/tools/bin/../lib/gcc/arm-none-eabi/10.3.1/thumb/v7e-m+fp/hard\libgcc.a(_dvmd_tls.o)
                0x0000000008000570                __aeabi_idiv0
                0x0000000008000570                __aeabi_ldiv0
 *(.text*)
 .text.MX_DAC1_Init
                0x0000000008000574       0x64 ./Core/Src/dac.o
                0x0000000008000574                MX_DAC1_Init
 .text.HAL_DAC_MspInit
                0x00000000080005d8       0x7c ./Core/Src/dac.o
                0x00000000080005d8                HAL_DAC_MspInit
 .text.MX_GPIO_Init
                0x0000000008000654       0xcc ./Core/Src/gpio.o
                0x0000000008000654                MX_GPIO_Init
 .text.__io_putchar
                0x0000000008000720       0x24 ./Core/Src/main.o
                0x0000000008000720                __io_putchar
 .text.setDAC.1
                0x0000000008000744       0x8c ./Core/Src/main.o
 .text.main     0x00000000080007d0       0x68 ./Core/Src/main.o
                0x00000000080007d0                main
 .text.line_append.0
                0x0000000008000838       0x90 ./Core/Src/main.o
 .text.SystemClock_Config
                0x00000000080008c8       0xa2 ./Core/Src/main.o
                0x00000000080008c8                SystemClock_Config
 .text.Error_Handler
                0x000000000800096a        0xa ./Core/Src/main.o
                0x000000000800096a                Error_Handler
 .text.HAL_MspInit
                0x0000000008000974       0x48 ./Core/Src/stm32l4xx_hal_msp.o
                0x0000000008000974                HAL_MspInit
 .text.NMI_Handler
                0x00000000080009bc        0x6 ./Core/Src/stm32l4xx_it.o
                0x00000000080009bc                NMI_Handler
 .text.HardFault_Handler
                0x00000000080009c2        0x6 ./Core/Src/stm32l4xx_it.o
                0x00000000080009c2                HardFault_Handler
 .text.MemManage_Handler
                0x00000000080009c8        0x6 ./Core/Src/stm32l4xx_it.o
                0x00000000080009c8                MemManage_Handler
 .text.BusFault_Handler
                0x00000000080009ce        0x6 ./Core/Src/stm32l4xx_it.o
                0x00000000080009ce                BusFault_Handler
 .text.UsageFault_Handler
                0x00000000080009d4        0x6 ./Core/Src/stm32l4xx_it.o
                0x00000000080009d4                UsageFault_Handler
 .text.SVC_Handler
                0x00000000080009da        0xe ./Core/Src/stm32l4xx_it.o
                0x00000000080009da                SVC_Handler
 .text.DebugMon_Handler
                0x00000000080009e8        0xe ./Core/Src/stm32l4xx_it.o
                0x00000000080009e8                DebugMon_Handler
 .text.PendSV_Handler
                0x00000000080009f6        0xe ./Core/Src/stm32l4xx_it.o
                0x00000000080009f6                PendSV_Handler
 .text.SysTick_Handler
                0x0000000008000a04        0xc ./Core/Src/stm32l4xx_it.o
                0x0000000008000a04                SysTick_Handler
 .text._read    0x0000000008000a10       0x3a ./Core/Src/syscalls.o
                0x0000000008000a10                _read
 .text._write   0x0000000008000a4a       0x38 ./Core/Src/syscalls.o
                0x0000000008000a4a                _write
 .text._close   0x0000000008000a82       0x18 ./Core/Src/syscalls.o
                0x0000000008000a82                _close
 .text._fstat   0x0000000008000a9a       0x20 ./Core/Src/syscalls.o
                0x0000000008000a9a                _fstat
 .text._isatty  0x0000000008000aba       0x16 ./Core/Src/syscalls.o
                0x0000000008000aba                _isatty
 .text._lseek   0x0000000008000ad0       0x1a ./Core/Src/syscalls.o
                0x0000000008000ad0                _lseek
 *fill*         0x0000000008000aea        0x2 
 .text._sbrk    0x0000000008000aec       0x6c ./Core/Src/sysmem.o
                0x0000000008000aec                _sbrk
 .text.SystemInit
                0x0000000008000b58       0x24 ./Core/Src/system_stm32l4xx.o
                0x0000000008000b58                SystemInit
 .text.MX_USART2_UART_Init
                0x0000000008000b7c       0x60 ./Core/Src/usart.o
                0x0000000008000b7c                MX_USART2_UART_Init
 .text.HAL_UART_MspInit
                0x0000000008000bdc       0xb8 ./Core/Src/usart.o
                0x0000000008000bdc                HAL_UART_MspInit
 .text.Reset_Handler
                0x0000000008000c94       0x50 ./Core/Startup/startup_stm32l476rgtx.o
                0x0000000008000c94                Reset_Handler
 .text.Default_Handler
                0x0000000008000ce4        0x2 ./Core/Startup/startup_stm32l476rgtx.o
                0x0000000008000ce4                RTC_Alarm_IRQHandler
                0x0000000008000ce4                EXTI2_IRQHandler
                0x0000000008000ce4                TIM8_TRG_COM_IRQHandler
                0x0000000008000ce4                TIM8_CC_IRQHandler
                0x0000000008000ce4                TIM1_CC_IRQHandler
                0x0000000008000ce4                TSC_IRQHandler
                0x0000000008000ce4                TAMP_STAMP_IRQHandler
                0x0000000008000ce4                EXTI3_IRQHandler
                0x0000000008000ce4                LPTIM2_IRQHandler
                0x0000000008000ce4                DFSDM1_FLT1_IRQHandler
                0x0000000008000ce4                I2C3_ER_IRQHandler
                0x0000000008000ce4                DFSDM1_FLT2_IRQHandler
                0x0000000008000ce4                EXTI0_IRQHandler
                0x0000000008000ce4                I2C2_EV_IRQHandler
                0x0000000008000ce4                CAN1_RX0_IRQHandler
                0x0000000008000ce4                FPU_IRQHandler
                0x0000000008000ce4                TIM1_UP_TIM16_IRQHandler
                0x0000000008000ce4                ADC1_2_IRQHandler
                0x0000000008000ce4                SPI1_IRQHandler
                0x0000000008000ce4                TIM6_DAC_IRQHandler
                0x0000000008000ce4                TIM8_UP_IRQHandler
                0x0000000008000ce4                DMA2_Channel2_IRQHandler
                0x0000000008000ce4                DMA1_Channel4_IRQHandler
                0x0000000008000ce4                SAI2_IRQHandler
                0x0000000008000ce4                DFSDM1_FLT3_IRQHandler
                0x0000000008000ce4                USART3_IRQHandler
                0x0000000008000ce4                DMA1_Channel7_IRQHandler
                0x0000000008000ce4                CAN1_RX1_IRQHandler
                0x0000000008000ce4                LCD_IRQHandler
                0x0000000008000ce4                UART5_IRQHandler
                0x0000000008000ce4                ADC3_IRQHandler
                0x0000000008000ce4                TIM4_IRQHandler
                0x0000000008000ce4                DMA2_Channel1_IRQHandler
                0x0000000008000ce4                QUADSPI_IRQHandler
                0x0000000008000ce4                I2C1_EV_IRQHandler
                0x0000000008000ce4                DMA1_Channel6_IRQHandler
                0x0000000008000ce4                UART4_IRQHandler
                0x0000000008000ce4                DMA2_Channel4_IRQHandler
                0x0000000008000ce4                TIM3_IRQHandler
                0x0000000008000ce4                RCC_IRQHandler
                0x0000000008000ce4                DMA1_Channel1_IRQHandler
                0x0000000008000ce4                Default_Handler
                0x0000000008000ce4                DMA2_Channel7_IRQHandler
                0x0000000008000ce4                EXTI15_10_IRQHandler
                0x0000000008000ce4                TIM7_IRQHandler
                0x0000000008000ce4                SDMMC1_IRQHandler
                0x0000000008000ce4                TIM5_IRQHandler
                0x0000000008000ce4                I2C3_EV_IRQHandler
                0x0000000008000ce4                EXTI9_5_IRQHandler
                0x0000000008000ce4                RTC_WKUP_IRQHandler
                0x0000000008000ce4                PVD_PVM_IRQHandler
                0x0000000008000ce4                SPI2_IRQHandler
                0x0000000008000ce4                CAN1_TX_IRQHandler
                0x0000000008000ce4                DMA2_Channel5_IRQHandler
                0x0000000008000ce4                DMA1_Channel5_IRQHandler
                0x0000000008000ce4                EXTI4_IRQHandler
                0x0000000008000ce4                RNG_IRQHandler
                0x0000000008000ce4                TIM1_TRG_COM_TIM17_IRQHandler
                0x0000000008000ce4                DMA1_Channel3_IRQHandler
                0x0000000008000ce4                COMP_IRQHandler
                0x0000000008000ce4                WWDG_IRQHandler
                0x0000000008000ce4                LPUART1_IRQHandler
                0x0000000008000ce4                DMA2_Channel6_IRQHandler
                0x0000000008000ce4                TIM2_IRQHandler
                0x0000000008000ce4                EXTI1_IRQHandler
                0x0000000008000ce4                USART2_IRQHandler
                0x0000000008000ce4                DFSDM1_FLT0_IRQHandler
                0x0000000008000ce4                I2C2_ER_IRQHandler
                0x0000000008000ce4                DMA1_Channel2_IRQHandler
                0x0000000008000ce4                TIM8_BRK_IRQHandler
                0x0000000008000ce4                CAN1_SCE_IRQHandler
                0x0000000008000ce4                FLASH_IRQHandler
                0x0000000008000ce4                USART1_IRQHandler
                0x0000000008000ce4                OTG_FS_IRQHandler
                0x0000000008000ce4                SPI3_IRQHandler
                0x0000000008000ce4                I2C1_ER_IRQHandler
                0x0000000008000ce4                FMC_IRQHandler
                0x0000000008000ce4                SWPMI1_IRQHandler
                0x0000000008000ce4                LPTIM1_IRQHandler
                0x0000000008000ce4                SAI1_IRQHandler
                0x0000000008000ce4                DMA2_Channel3_IRQHandler
                0x0000000008000ce4                TIM1_BRK_TIM15_IRQHandler
 *fill*         0x0000000008000ce6        0x2 
 .text.HAL_Init
                0x0000000008000ce8       0x40 ./Drivers/STM32L4xx_HAL_Driver/Src/stm32l4xx_hal.o
                0x0000000008000ce8                HAL_Init
 .text.HAL_InitTick
                0x0000000008000d28       0x78 ./Drivers/STM32L4xx_HAL_Driver/Src/stm32l4xx_hal.o
                0x0000000008000d28                HAL_InitTick
 .text.HAL_IncTick
                0x0000000008000da0       0x28 ./Drivers/STM32L4xx_HAL_Driver/Src/stm32l4xx_hal.o
                0x0000000008000da0                HAL_IncTick
 .text.HAL_GetTick
                0x0000000008000dc8       0x18 ./Drivers/STM32L4xx_HAL_Driver/Src/stm32l4xx_hal.o
                0x0000000008000dc8                HAL_GetTick
 .text.HAL_Delay
                0x0000000008000de0       0x48 ./Drivers/STM32L4xx_HAL_Driver/Src/stm32l4xx_hal.o
                0x0000000008000de0                HAL_Delay
 .text.__NVIC_SetPriorityGrouping
                0x0000000008000e28       0x48 ./Drivers/STM32L4xx_HAL_Driver/Src/stm32l4xx_hal_cortex.o
 .text.__NVIC_GetPriorityGrouping
                0x0000000008000e70       0x1c ./Drivers/STM32L4xx_HAL_Driver/Src/stm32l4xx_hal_cortex.o
 .text.__NVIC_SetPriority
                0x0000000008000e8c       0x54 ./Drivers/STM32L4xx_HAL_Driver/Src/stm32l4xx_hal_cortex.o
 .text.NVIC_EncodePriority
                0x0000000008000ee0       0x66 ./Drivers/STM32L4xx_HAL_Driver/Src/stm32l4xx_hal_cortex.o
 *fill*         0x0000000008000f46        0x2 
 .text.SysTick_Config
                0x0000000008000f48       0x44 ./Drivers/STM32L4xx_HAL_Driver/Src/stm32l4xx_hal_cortex.o
 .text.HAL_NVIC_SetPriorityGrouping
                0x0000000008000f8c       0x16 ./Drivers/STM32L4xx_HAL_Driver/Src/stm32l4xx_hal_cortex.o
                0x0000000008000f8c                HAL_NVIC_SetPriorityGrouping
 .text.HAL_NVIC_SetPriority
                0x0000000008000fa2       0x38 ./Drivers/STM32L4xx_HAL_Driver/Src/stm32l4xx_hal_cortex.o
                0x0000000008000fa2                HAL_NVIC_SetPriority
 .text.HAL_SYSTICK_Config
                0x0000000008000fda       0x18 ./Drivers/STM32L4xx_HAL_Driver/Src/stm32l4xx_hal_cortex.o
                0x0000000008000fda                HAL_SYSTICK_Config
 .text.HAL_DAC_Init
                0x0000000008000ff2       0x44 ./Drivers/STM32L4xx_HAL_Driver/Src/stm32l4xx_hal_dac.o
                0x0000000008000ff2                HAL_DAC_Init
 .text.HAL_DAC_Start
                0x0000000008001036       0x9a ./Drivers/STM32L4xx_HAL_Driver/Src/stm32l4xx_hal_dac.o
                0x0000000008001036                HAL_DAC_Start
 .text.HAL_DAC_SetValue
                0x00000000080010d0       0x4a ./Drivers/STM32L4xx_HAL_Driver/Src/stm32l4xx_hal_dac.o
                0x00000000080010d0                HAL_DAC_SetValue
 .text.HAL_DAC_ConfigChannel
                0x000000000800111a      0x234 ./Drivers/STM32L4xx_HAL_Driver/Src/stm32l4xx_hal_dac.o
                0x000000000800111a                HAL_DAC_ConfigChannel
 *fill*         0x000000000800134e        0x2 
 .text.HAL_GPIO_Init
                0x0000000008001350      0x354 ./Drivers/STM32L4xx_HAL_Driver/Src/stm32l4xx_hal_gpio.o
                0x0000000008001350                HAL_GPIO_Init
 .text.HAL_GPIO_WritePin
                0x00000000080016a4       0x30 ./Drivers/STM32L4xx_HAL_Driver/Src/stm32l4xx_hal_gpio.o
                0x00000000080016a4                HAL_GPIO_WritePin
 .text.HAL_GPIO_TogglePin
                0x00000000080016d4       0x34 ./Drivers/STM32L4xx_HAL_Driver/Src/stm32l4xx_hal_gpio.o
                0x00000000080016d4                HAL_GPIO_TogglePin
 .text.HAL_PWREx_GetVoltageRange
                0x0000000008001708       0x1c ./Drivers/STM32L4xx_HAL_Driver/Src/stm32l4xx_hal_pwr_ex.o
                0x0000000008001708                HAL_PWREx_GetVoltageRange
 .text.HAL_PWREx_ControlVoltageScaling
                0x0000000008001724       0xac ./Drivers/STM32L4xx_HAL_Driver/Src/stm32l4xx_hal_pwr_ex.o
                0x0000000008001724                HAL_PWREx_ControlVoltageScaling
 .text.HAL_RCC_OscConfig
                0x00000000080017d0      0x7b8 ./Drivers/STM32L4xx_HAL_Driver/Src/stm32l4xx_hal_rcc.o
                0x00000000080017d0                HAL_RCC_OscConfig
 .text.HAL_RCC_ClockConfig
                0x0000000008001f88      0x200 ./Drivers/STM32L4xx_HAL_Driver/Src/stm32l4xx_hal_rcc.o
                0x0000000008001f88                HAL_RCC_ClockConfig
 .text.HAL_RCC_GetSysClockFreq
                0x0000000008002188      0x118 ./Drivers/STM32L4xx_HAL_Driver/Src/stm32l4xx_hal_rcc.o
                0x0000000008002188                HAL_RCC_GetSysClockFreq
 .text.HAL_RCC_GetHCLKFreq
                0x00000000080022a0       0x18 ./Drivers/STM32L4xx_HAL_Driver/Src/stm32l4xx_hal_rcc.o
                0x00000000080022a0                HAL_RCC_GetHCLKFreq
 .text.HAL_RCC_GetPCLK1Freq
                0x00000000080022b8       0x2c ./Drivers/STM32L4xx_HAL_Driver/Src/stm32l4xx_hal_rcc.o
                0x00000000080022b8                HAL_RCC_GetPCLK1Freq
 .text.HAL_RCC_GetPCLK2Freq
                0x00000000080022e4       0x2c ./Drivers/STM32L4xx_HAL_Driver/Src/stm32l4xx_hal_rcc.o
                0x00000000080022e4                HAL_RCC_GetPCLK2Freq
 .text.RCC_SetFlashLatencyFromMSIRange
                0x0000000008002310       0xc0 ./Drivers/STM32L4xx_HAL_Driver/Src/stm32l4xx_hal_rcc.o
 .text.HAL_RCCEx_PeriphCLKConfig
                0x00000000080023d0      0x5d4 ./Drivers/STM32L4xx_HAL_Driver/Src/stm32l4xx_hal_rcc_ex.o
                0x00000000080023d0                HAL_RCCEx_PeriphCLKConfig
 .text.RCCEx_PLLSAI1_Config
                0x00000000080029a4      0x1e8 ./Drivers/STM32L4xx_HAL_Driver/Src/stm32l4xx_hal_rcc_ex.o
 .text.RCCEx_PLLSAI2_Config
                0x0000000008002b8c      0x1bc ./Drivers/STM32L4xx_HAL_Driver/Src/stm32l4xx_hal_rcc_ex.o
 .text.HAL_UART_Init
                0x0000000008002d48       0x9c ./Drivers/STM32L4xx_HAL_Driver/Src/stm32l4xx_hal_uart.o
                0x0000000008002d48                HAL_UART_Init
 .text.HAL_UART_Transmit
                0x0000000008002de4      0x128 ./Drivers/STM32L4xx_HAL_Driver/Src/stm32l4xx_hal_uart.o
                0x0000000008002de4                HAL_UART_Transmit
 .text.HAL_UART_Receive
                0x0000000008002f0c      0x1a2 ./Drivers/STM32L4xx_HAL_Driver/Src/stm32l4xx_hal_uart.o
                0x0000000008002f0c                HAL_UART_Receive
 *fill*         0x00000000080030ae        0x2 
 .text.UART_SetConfig
                0x00000000080030b0      0x570 ./Drivers/STM32L4xx_HAL_Driver/Src/stm32l4xx_hal_uart.o
                0x00000000080030b0                UART_SetConfig
 .text.UART_AdvFeatureConfig
                0x0000000008003620      0x144 ./Drivers/STM32L4xx_HAL_Driver/Src/stm32l4xx_hal_uart.o
                0x0000000008003620                UART_AdvFeatureConfig
 .text.UART_CheckIdleState
                0x0000000008003764       0x92 ./Drivers/STM32L4xx_HAL_Driver/Src/stm32l4xx_hal_uart.o
                0x0000000008003764                UART_CheckIdleState
 .text.UART_WaitOnFlagUntilTimeout
                0x00000000080037f6      0x188 ./Drivers/STM32L4xx_HAL_Driver/Src/stm32l4xx_hal_uart.o
                0x00000000080037f6                UART_WaitOnFlagUntilTimeout
 .text.atoi     0x000000000800397e        0x8 c:/st/stm32cubeide_1.11.0/stm32cubeide/plugins/com.st.stm32cube.ide.mcu.externaltools.gnu-tools-for-stm32.10.3-2021.10.win32_1.0.100.202210260954/tools/bin/../lib/gcc/arm-none-eabi/10.3.1/../../../../arm-none-eabi/lib/thumb/v7e-m+fp/hard\libc_nano.a(lib_a-atoi.o)
                0x000000000800397e                atoi
 *fill*         0x0000000008003986        0x2 
 .text.__errno  0x0000000008003988        0xc c:/st/stm32cubeide_1.11.0/stm32cubeide/plugins/com.st.stm32cube.ide.mcu.externaltools.gnu-tools-for-stm32.10.3-2021.10.win32_1.0.100.202210260954/tools/bin/../lib/gcc/arm-none-eabi/10.3.1/../../../../arm-none-eabi/lib/thumb/v7e-m+fp/hard\libc_nano.a(lib_a-errno.o)
                0x0000000008003988                __errno
 .text.__libc_init_array
                0x0000000008003994       0x48 c:/st/stm32cubeide_1.11.0/stm32cubeide/plugins/com.st.stm32cube.ide.mcu.externaltools.gnu-tools-for-stm32.10.3-2021.10.win32_1.0.100.202210260954/tools/bin/../lib/gcc/arm-none-eabi/10.3.1/../../../../arm-none-eabi/lib/thumb/v7e-m+fp/hard\libc_nano.a(lib_a-init.o)
                0x0000000008003994                __libc_init_array
 .text.memset   0x00000000080039dc       0x10 c:/st/stm32cubeide_1.11.0/stm32cubeide/plugins/com.st.stm32cube.ide.mcu.externaltools.gnu-tools-for-stm32.10.3-2021.10.win32_1.0.100.202210260954/tools/bin/../lib/gcc/arm-none-eabi/10.3.1/../../../../arm-none-eabi/lib/thumb/v7e-m+fp/hard\libc_nano.a(lib_a-memset.o)
                0x00000000080039dc                memset
 .text.printf   0x00000000080039ec       0x30 c:/st/stm32cubeide_1.11.0/stm32cubeide/plugins/com.st.stm32cube.ide.mcu.externaltools.gnu-tools-for-stm32.10.3-2021.10.win32_1.0.100.202210260954/tools/bin/../lib/gcc/arm-none-eabi/10.3.1/../../../../arm-none-eabi/lib/thumb/v7e-m+fp/hard\libc_nano.a(lib_a-printf.o)
                0x00000000080039ec                iprintf
                0x00000000080039ec                printf
 .text._strtol_l.constprop.0
                0x0000000008003a1c      0x104 c:/st/stm32cubeide_1.11.0/stm32cubeide/plugins/com.st.stm32cube.ide.mcu.externaltools.gnu-tools-for-stm32.10.3-2021.10.win32_1.0.100.202210260954/tools/bin/../lib/gcc/arm-none-eabi/10.3.1/../../../../arm-none-eabi/lib/thumb/v7e-m+fp/hard\libc_nano.a(lib_a-strtol.o)
 .text.strtol   0x0000000008003b20       0x14 c:/st/stm32cubeide_1.11.0/stm32cubeide/plugins/com.st.stm32cube.ide.mcu.externaltools.gnu-tools-for-stm32.10.3-2021.10.win32_1.0.100.202210260954/tools/bin/../lib/gcc/arm-none-eabi/10.3.1/../../../../arm-none-eabi/lib/thumb/v7e-m+fp/hard\libc_nano.a(lib_a-strtol.o)
                0x0000000008003b20                strtol
 .text.std      0x0000000008003b34       0x48 c:/st/stm32cubeide_1.11.0/stm32cubeide/plugins/com.st.stm32cube.ide.mcu.externaltools.gnu-tools-for-stm32.10.3-2021.10.win32_1.0.100.202210260954/tools/bin/../lib/gcc/arm-none-eabi/10.3.1/../../../../arm-none-eabi/lib/thumb/v7e-m+fp/hard\libc_nano.a(lib_a-findfp.o)
 .text._cleanup_r
                0x0000000008003b7c        0xc c:/st/stm32cubeide_1.11.0/stm32cubeide/plugins/com.st.stm32cube.ide.mcu.externaltools.gnu-tools-for-stm32.10.3-2021.10.win32_1.0.100.202210260954/tools/bin/../lib/gcc/arm-none-eabi/10.3.1/../../../../arm-none-eabi/lib/thumb/v7e-m+fp/hard\libc_nano.a(lib_a-findfp.o)
                0x0000000008003b7c                _cleanup_r
 .text.__sfmoreglue
                0x0000000008003b88       0x2c c:/st/stm32cubeide_1.11.0/stm32cubeide/plugins/com.st.stm32cube.ide.mcu.externaltools.gnu-tools-for-stm32.10.3-2021.10.win32_1.0.100.202210260954/tools/bin/../lib/gcc/arm-none-eabi/10.3.1/../../../../arm-none-eabi/lib/thumb/v7e-m+fp/hard\libc_nano.a(lib_a-findfp.o)
                0x0000000008003b88                __sfmoreglue
 .text.__sfp_lock_acquire
                0x0000000008003bb4        0xc c:/st/stm32cubeide_1.11.0/stm32cubeide/plugins/com.st.stm32cube.ide.mcu.externaltools.gnu-tools-for-stm32.10.3-2021.10.win32_1.0.100.202210260954/tools/bin/../lib/gcc/arm-none-eabi/10.3.1/../../../../arm-none-eabi/lib/thumb/v7e-m+fp/hard\libc_nano.a(lib_a-findfp.o)
                0x0000000008003bb4                __sfp_lock_acquire
 .text.__sfp_lock_release
                0x0000000008003bc0        0xc c:/st/stm32cubeide_1.11.0/stm32cubeide/plugins/com.st.stm32cube.ide.mcu.externaltools.gnu-tools-for-stm32.10.3-2021.10.win32_1.0.100.202210260954/tools/bin/../lib/gcc/arm-none-eabi/10.3.1/../../../../arm-none-eabi/lib/thumb/v7e-m+fp/hard\libc_nano.a(lib_a-findfp.o)
                0x0000000008003bc0                __sfp_lock_release
 .text.__sinit_lock_acquire
                0x0000000008003bcc        0xc c:/st/stm32cubeide_1.11.0/stm32cubeide/plugins/com.st.stm32cube.ide.mcu.externaltools.gnu-tools-for-stm32.10.3-2021.10.win32_1.0.100.202210260954/tools/bin/../lib/gcc/arm-none-eabi/10.3.1/../../../../arm-none-eabi/lib/thumb/v7e-m+fp/hard\libc_nano.a(lib_a-findfp.o)
                0x0000000008003bcc                __sinit_lock_acquire
 .text.__sinit_lock_release
                0x0000000008003bd8        0xc c:/st/stm32cubeide_1.11.0/stm32cubeide/plugins/com.st.stm32cube.ide.mcu.externaltools.gnu-tools-for-stm32.10.3-2021.10.win32_1.0.100.202210260954/tools/bin/../lib/gcc/arm-none-eabi/10.3.1/../../../../arm-none-eabi/lib/thumb/v7e-m+fp/hard\libc_nano.a(lib_a-findfp.o)
                0x0000000008003bd8                __sinit_lock_release
 .text.__sinit  0x0000000008003be4       0x70 c:/st/stm32cubeide_1.11.0/stm32cubeide/plugins/com.st.stm32cube.ide.mcu.externaltools.gnu-tools-for-stm32.10.3-2021.10.win32_1.0.100.202210260954/tools/bin/../lib/gcc/arm-none-eabi/10.3.1/../../../../arm-none-eabi/lib/thumb/v7e-m+fp/hard\libc_nano.a(lib_a-findfp.o)
                0x0000000008003be4                __sinit
 .text.__sfp    0x0000000008003c54       0x8c c:/st/stm32cubeide_1.11.0/stm32cubeide/plugins/com.st.stm32cube.ide.mcu.externaltools.gnu-tools-for-stm32.10.3-2021.10.win32_1.0.100.202210260954/tools/bin/../lib/gcc/arm-none-eabi/10.3.1/../../../../arm-none-eabi/lib/thumb/v7e-m+fp/hard\libc_nano.a(lib_a-findfp.o)
                0x0000000008003c54                __sfp
 .text._fwalk_reent
                0x0000000008003ce0       0x3e c:/st/stm32cubeide_1.11.0/stm32cubeide/plugins/com.st.stm32cube.ide.mcu.externaltools.gnu-tools-for-stm32.10.3-2021.10.win32_1.0.100.202210260954/tools/bin/../lib/gcc/arm-none-eabi/10.3.1/../../../../arm-none-eabi/lib/thumb/v7e-m+fp/hard\libc_nano.a(lib_a-fwalk.o)
                0x0000000008003ce0                _fwalk_reent
 .text.__retarget_lock_init_recursive
                0x0000000008003d1e        0x2 c:/st/stm32cubeide_1.11.0/stm32cubeide/plugins/com.st.stm32cube.ide.mcu.externaltools.gnu-tools-for-stm32.10.3-2021.10.win32_1.0.100.202210260954/tools/bin/../lib/gcc/arm-none-eabi/10.3.1/../../../../arm-none-eabi/lib/thumb/v7e-m+fp/hard\libc_nano.a(lib_a-lock.o)
                0x0000000008003d1e                __retarget_lock_init_recursive
 .text.__retarget_lock_acquire_recursive
                0x0000000008003d20        0x2 c:/st/stm32cubeide_1.11.0/stm32cubeide/plugins/com.st.stm32cube.ide.mcu.externaltools.gnu-tools-for-stm32.10.3-2021.10.win32_1.0.100.202210260954/tools/bin/../lib/gcc/arm-none-eabi/10.3.1/../../../../arm-none-eabi/lib/thumb/v7e-m+fp/hard\libc_nano.a(lib_a-lock.o)
                0x0000000008003d20                __retarget_lock_acquire_recursive
 .text.__retarget_lock_release_recursive
                0x0000000008003d22        0x2 c:/st/stm32cubeide_1.11.0/stm32cubeide/plugins/com.st.stm32cube.ide.mcu.externaltools.gnu-tools-for-stm32.10.3-2021.10.win32_1.0.100.202210260954/tools/bin/../lib/gcc/arm-none-eabi/10.3.1/../../../../arm-none-eabi/lib/thumb/v7e-m+fp/hard\libc_nano.a(lib_a-lock.o)
                0x0000000008003d22                __retarget_lock_release_recursive
 .text.sbrk_aligned
                0x0000000008003d24       0x40 c:/st/stm32cubeide_1.11.0/stm32cubeide/plugins/com.st.stm32cube.ide.mcu.externaltools.gnu-tools-for-stm32.10.3-2021.10.win32_1.0.100.202210260954/tools/bin/../lib/gcc/arm-none-eabi/10.3.1/../../../../arm-none-eabi/lib/thumb/v7e-m+fp/hard\libc_nano.a(lib_a-nano-mallocr.o)
 .text._malloc_r
                0x0000000008003d64       0xe8 c:/st/stm32cubeide_1.11.0/stm32cubeide/plugins/com.st.stm32cube.ide.mcu.externaltools.gnu-tools-for-stm32.10.3-2021.10.win32_1.0.100.202210260954/tools/bin/../lib/gcc/arm-none-eabi/10.3.1/../../../../arm-none-eabi/lib/thumb/v7e-m+fp/hard\libc_nano.a(lib_a-nano-mallocr.o)
                0x0000000008003d64                _malloc_r
 .text.__sfputc_r
                0x0000000008003e4c       0x2e c:/st/stm32cubeide_1.11.0/stm32cubeide/plugins/com.st.stm32cube.ide.mcu.externaltools.gnu-tools-for-stm32.10.3-2021.10.win32_1.0.100.202210260954/tools/bin/../lib/gcc/arm-none-eabi/10.3.1/../../../../arm-none-eabi/lib/thumb/v7e-m+fp/hard\libc_nano.a(lib_a-nano-vfprintf.o)
 .text.__sfputs_r
                0x0000000008003e7a       0x24 c:/st/stm32cubeide_1.11.0/stm32cubeide/plugins/com.st.stm32cube.ide.mcu.externaltools.gnu-tools-for-stm32.10.3-2021.10.win32_1.0.100.202210260954/tools/bin/../lib/gcc/arm-none-eabi/10.3.1/../../../../arm-none-eabi/lib/thumb/v7e-m+fp/hard\libc_nano.a(lib_a-nano-vfprintf.o)
                0x0000000008003e7a                __sfputs_r
 *fill*         0x0000000008003e9e        0x2 
 .text._vfprintf_r
                0x0000000008003ea0      0x260 c:/st/stm32cubeide_1.11.0/stm32cubeide/plugins/com.st.stm32cube.ide.mcu.externaltools.gnu-tools-for-stm32.10.3-2021.10.win32_1.0.100.202210260954/tools/bin/../lib/gcc/arm-none-eabi/10.3.1/../../../../arm-none-eabi/lib/thumb/v7e-m+fp/hard\libc_nano.a(lib_a-nano-vfprintf.o)
                0x0000000008003ea0                _vfprintf_r
                0x0000000008003ea0                _vfiprintf_r
 .text._printf_common
                0x0000000008004100       0xda c:/st/stm32cubeide_1.11.0/stm32cubeide/plugins/com.st.stm32cube.ide.mcu.externaltools.gnu-tools-for-stm32.10.3-2021.10.win32_1.0.100.202210260954/tools/bin/../lib/gcc/arm-none-eabi/10.3.1/../../../../arm-none-eabi/lib/thumb/v7e-m+fp/hard\libc_nano.a(lib_a-nano-vfprintf_i.o)
                0x0000000008004100                _printf_common
 *fill*         0x00000000080041da        0x2 
 .text._printf_i
                0x00000000080041dc      0x24c c:/st/stm32cubeide_1.11.0/stm32cubeide/plugins/com.st.stm32cube.ide.mcu.externaltools.gnu-tools-for-stm32.10.3-2021.10.win32_1.0.100.202210260954/tools/bin/../lib/gcc/arm-none-eabi/10.3.1/../../../../arm-none-eabi/lib/thumb/v7e-m+fp/hard\libc_nano.a(lib_a-nano-vfprintf_i.o)
                0x00000000080041dc                _printf_i
 .text._sbrk_r  0x0000000008004428       0x20 c:/st/stm32cubeide_1.11.0/stm32cubeide/plugins/com.st.stm32cube.ide.mcu.externaltools.gnu-tools-for-stm32.10.3-2021.10.win32_1.0.100.202210260954/tools/bin/../lib/gcc/arm-none-eabi/10.3.1/../../../../arm-none-eabi/lib/thumb/v7e-m+fp/hard\libc_nano.a(lib_a-sbrkr.o)
                0x0000000008004428                _sbrk_r
 .text.__sread  0x0000000008004448       0x22 c:/st/stm32cubeide_1.11.0/stm32cubeide/plugins/com.st.stm32cube.ide.mcu.externaltools.gnu-tools-for-stm32.10.3-2021.10.win32_1.0.100.202210260954/tools/bin/../lib/gcc/arm-none-eabi/10.3.1/../../../../arm-none-eabi/lib/thumb/v7e-m+fp/hard\libc_nano.a(lib_a-stdio.o)
                0x0000000008004448                __sread
 .text.__swrite
                0x000000000800446a       0x38 c:/st/stm32cubeide_1.11.0/stm32cubeide/plugins/com.st.stm32cube.ide.mcu.externaltools.gnu-tools-for-stm32.10.3-2021.10.win32_1.0.100.202210260954/tools/bin/../lib/gcc/arm-none-eabi/10.3.1/../../../../arm-none-eabi/lib/thumb/v7e-m+fp/hard\libc_nano.a(lib_a-stdio.o)
                0x000000000800446a                __swrite
 .text.__sseek  0x00000000080044a2       0x24 c:/st/stm32cubeide_1.11.0/stm32cubeide/plugins/com.st.stm32cube.ide.mcu.externaltools.gnu-tools-for-stm32.10.3-2021.10.win32_1.0.100.202210260954/tools/bin/../lib/gcc/arm-none-eabi/10.3.1/../../../../arm-none-eabi/lib/thumb/v7e-m+fp/hard\libc_nano.a(lib_a-stdio.o)
                0x00000000080044a2                __sseek
 .text.__sclose
                0x00000000080044c6        0x8 c:/st/stm32cubeide_1.11.0/stm32cubeide/plugins/com.st.stm32cube.ide.mcu.externaltools.gnu-tools-for-stm32.10.3-2021.10.win32_1.0.100.202210260954/tools/bin/../lib/gcc/arm-none-eabi/10.3.1/../../../../arm-none-eabi/lib/thumb/v7e-m+fp/hard\libc_nano.a(lib_a-stdio.o)
                0x00000000080044c6                __sclose
 *fill*         0x00000000080044ce        0x2 
 .text.__swbuf_r
                0x00000000080044d0       0xa4 c:/st/stm32cubeide_1.11.0/stm32cubeide/plugins/com.st.stm32cube.ide.mcu.externaltools.gnu-tools-for-stm32.10.3-2021.10.win32_1.0.100.202210260954/tools/bin/../lib/gcc/arm-none-eabi/10.3.1/../../../../arm-none-eabi/lib/thumb/v7e-m+fp/hard\libc_nano.a(lib_a-wbuf.o)
                0x00000000080044d0                __swbuf_r
 .text._write_r
                0x0000000008004574       0x24 c:/st/stm32cubeide_1.11.0/stm32cubeide/plugins/com.st.stm32cube.ide.mcu.externaltools.gnu-tools-for-stm32.10.3-2021.10.win32_1.0.100.202210260954/tools/bin/../lib/gcc/arm-none-eabi/10.3.1/../../../../arm-none-eabi/lib/thumb/v7e-m+fp/hard\libc_nano.a(lib_a-writer.o)
                0x0000000008004574                _write_r
 .text.__swsetup_r
                0x0000000008004598       0xdc c:/st/stm32cubeide_1.11.0/stm32cubeide/plugins/com.st.stm32cube.ide.mcu.externaltools.gnu-tools-for-stm32.10.3-2021.10.win32_1.0.100.202210260954/tools/bin/../lib/gcc/arm-none-eabi/10.3.1/../../../../arm-none-eabi/lib/thumb/v7e-m+fp/hard\libc_nano.a(lib_a-wsetup.o)
                0x0000000008004598                __swsetup_r
 .text._close_r
                0x0000000008004674       0x20 c:/st/stm32cubeide_1.11.0/stm32cubeide/plugins/com.st.stm32cube.ide.mcu.externaltools.gnu-tools-for-stm32.10.3-2021.10.win32_1.0.100.202210260954/tools/bin/../lib/gcc/arm-none-eabi/10.3.1/../../../../arm-none-eabi/lib/thumb/v7e-m+fp/hard\libc_nano.a(lib_a-closer.o)
                0x0000000008004674                _close_r
 .text.__sflush_r
                0x0000000008004694      0x10c c:/st/stm32cubeide_1.11.0/stm32cubeide/plugins/com.st.stm32cube.ide.mcu.externaltools.gnu-tools-for-stm32.10.3-2021.10.win32_1.0.100.202210260954/tools/bin/../lib/gcc/arm-none-eabi/10.3.1/../../../../arm-none-eabi/lib/thumb/v7e-m+fp/hard\libc_nano.a(lib_a-fflush.o)
                0x0000000008004694                __sflush_r
 .text._fflush_r
                0x00000000080047a0       0x78 c:/st/stm32cubeide_1.11.0/stm32cubeide/plugins/com.st.stm32cube.ide.mcu.externaltools.gnu-tools-for-stm32.10.3-2021.10.win32_1.0.100.202210260954/tools/bin/../lib/gcc/arm-none-eabi/10.3.1/../../../../arm-none-eabi/lib/thumb/v7e-m+fp/hard\libc_nano.a(lib_a-fflush.o)
                0x00000000080047a0                _fflush_r
 .text._lseek_r
                0x0000000008004818       0x24 c:/st/stm32cubeide_1.11.0/stm32cubeide/plugins/com.st.stm32cube.ide.mcu.externaltools.gnu-tools-for-stm32.10.3-2021.10.win32_1.0.100.202210260954/tools/bin/../lib/gcc/arm-none-eabi/10.3.1/../../../../arm-none-eabi/lib/thumb/v7e-m+fp/hard\libc_nano.a(lib_a-lseekr.o)
                0x0000000008004818                _lseek_r
 .text.__swhatbuf_r
                0x000000000800483c       0x4a c:/st/stm32cubeide_1.11.0/stm32cubeide/plugins/com.st.stm32cube.ide.mcu.externaltools.gnu-tools-for-stm32.10.3-2021.10.win32_1.0.100.202210260954/tools/bin/../lib/gcc/arm-none-eabi/10.3.1/../../../../arm-none-eabi/lib/thumb/v7e-m+fp/hard\libc_nano.a(lib_a-makebuf.o)
                0x000000000800483c                __swhatbuf_r
 *fill*         0x0000000008004886        0x2 
 .text.__smakebuf_r
                0x0000000008004888       0x80 c:/st/stm32cubeide_1.11.0/stm32cubeide/plugins/com.st.stm32cube.ide.mcu.externaltools.gnu-tools-for-stm32.10.3-2021.10.win32_1.0.100.202210260954/tools/bin/../lib/gcc/arm-none-eabi/10.3.1/../../../../arm-none-eabi/lib/thumb/v7e-m+fp/hard\libc_nano.a(lib_a-makebuf.o)
                0x0000000008004888                __smakebuf_r
 .text.__malloc_lock
                0x0000000008004908        0xc c:/st/stm32cubeide_1.11.0/stm32cubeide/plugins/com.st.stm32cube.ide.mcu.externaltools.gnu-tools-for-stm32.10.3-2021.10.win32_1.0.100.202210260954/tools/bin/../lib/gcc/arm-none-eabi/10.3.1/../../../../arm-none-eabi/lib/thumb/v7e-m+fp/hard\libc_nano.a(lib_a-mlock.o)
                0x0000000008004908                __malloc_lock
 .text.__malloc_unlock
                0x0000000008004914        0xc c:/st/stm32cubeide_1.11.0/stm32cubeide/plugins/com.st.stm32cube.ide.mcu.externaltools.gnu-tools-for-stm32.10.3-2021.10.win32_1.0.100.202210260954/tools/bin/../lib/gcc/arm-none-eabi/10.3.1/../../../../arm-none-eabi/lib/thumb/v7e-m+fp/hard\libc_nano.a(lib_a-mlock.o)
                0x0000000008004914                __malloc_unlock
 .text._free_r  0x0000000008004920       0x98 c:/st/stm32cubeide_1.11.0/stm32cubeide/plugins/com.st.stm32cube.ide.mcu.externaltools.gnu-tools-for-stm32.10.3-2021.10.win32_1.0.100.202210260954/tools/bin/../lib/gcc/arm-none-eabi/10.3.1/../../../../arm-none-eabi/lib/thumb/v7e-m+fp/hard\libc_nano.a(lib_a-nano-freer.o)
                0x0000000008004920                _free_r
 .text._read_r  0x00000000080049b8       0x24 c:/st/stm32cubeide_1.11.0/stm32cubeide/plugins/com.st.stm32cube.ide.mcu.externaltools.gnu-tools-for-stm32.10.3-2021.10.win32_1.0.100.202210260954/tools/bin/../lib/gcc/arm-none-eabi/10.3.1/../../../../arm-none-eabi/lib/thumb/v7e-m+fp/hard\libc_nano.a(lib_a-readr.o)
                0x00000000080049b8                _read_r
 .text._fstat_r
                0x00000000080049dc       0x24 c:/st/stm32cubeide_1.11.0/stm32cubeide/plugins/com.st.stm32cube.ide.mcu.externaltools.gnu-tools-for-stm32.10.3-2021.10.win32_1.0.100.202210260954/tools/bin/../lib/gcc/arm-none-eabi/10.3.1/../../../../arm-none-eabi/lib/thumb/v7e-m+fp/hard\libc_nano.a(lib_a-fstatr.o)
                0x00000000080049dc                _fstat_r
 .text._isatty_r
                0x0000000008004a00       0x20 c:/st/stm32cubeide_1.11.0/stm32cubeide/plugins/com.st.stm32cube.ide.mcu.externaltools.gnu-tools-for-stm32.10.3-2021.10.win32_1.0.100.202210260954/tools/bin/../lib/gcc/arm-none-eabi/10.3.1/../../../../arm-none-eabi/lib/thumb/v7e-m+fp/hard\libc_nano.a(lib_a-isattyr.o)
                0x0000000008004a00                _isatty_r
 *(.glue_7)
 .glue_7        0x0000000008004a20        0x0 linker stubs
 *(.glue_7t)
 .glue_7t       0x0000000008004a20        0x0 linker stubs
 *(.eh_frame)
 .eh_frame      0x0000000008004a20        0x0 c:/st/stm32cubeide_1.11.0/stm32cubeide/plugins/com.st.stm32cube.ide.mcu.externaltools.gnu-tools-for-stm32.10.3-2021.10.win32_1.0.100.202210260954/tools/bin/../lib/gcc/arm-none-eabi/10.3.1/thumb/v7e-m+fp/hard/crtbegin.o
 *(.init)
 .init          0x0000000008004a20        0x4 c:/st/stm32cubeide_1.11.0/stm32cubeide/plugins/com.st.stm32cube.ide.mcu.externaltools.gnu-tools-for-stm32.10.3-2021.10.win32_1.0.100.202210260954/tools/bin/../lib/gcc/arm-none-eabi/10.3.1/thumb/v7e-m+fp/hard/crti.o
                0x0000000008004a20                _init
 .init          0x0000000008004a24        0x8 c:/st/stm32cubeide_1.11.0/stm32cubeide/plugins/com.st.stm32cube.ide.mcu.externaltools.gnu-tools-for-stm32.10.3-2021.10.win32_1.0.100.202210260954/tools/bin/../lib/gcc/arm-none-eabi/10.3.1/thumb/v7e-m+fp/hard/crtn.o
 *(.fini)
 .fini          0x0000000008004a2c        0x4 c:/st/stm32cubeide_1.11.0/stm32cubeide/plugins/com.st.stm32cube.ide.mcu.externaltools.gnu-tools-for-stm32.10.3-2021.10.win32_1.0.100.202210260954/tools/bin/../lib/gcc/arm-none-eabi/10.3.1/thumb/v7e-m+fp/hard/crti.o
                0x0000000008004a2c                _fini
 .fini          0x0000000008004a30        0x8 c:/st/stm32cubeide_1.11.0/stm32cubeide/plugins/com.st.stm32cube.ide.mcu.externaltools.gnu-tools-for-stm32.10.3-2021.10.win32_1.0.100.202210260954/tools/bin/../lib/gcc/arm-none-eabi/10.3.1/thumb/v7e-m+fp/hard/crtn.o
                0x0000000008004a38                . = ALIGN (0x4)
                0x0000000008004a38                _etext = .

.vfp11_veneer   0x0000000008004a38        0x0
 .vfp11_veneer  0x0000000008004a38        0x0 linker stubs

.v4_bx          0x0000000008004a38        0x0
 .v4_bx         0x0000000008004a38        0x0 linker stubs

.iplt           0x0000000008004a38        0x0
 .iplt          0x0000000008004a38        0x0 c:/st/stm32cubeide_1.11.0/stm32cubeide/plugins/com.st.stm32cube.ide.mcu.externaltools.gnu-tools-for-stm32.10.3-2021.10.win32_1.0.100.202210260954/tools/bin/../lib/gcc/arm-none-eabi/10.3.1/thumb/v7e-m+fp/hard/crtbegin.o

.rodata         0x0000000008004a38      0x224
                0x0000000008004a38                . = ALIGN (0x4)
 *(.rodata)
 .rodata        0x0000000008004a38       0x3f ./Core/Src/main.o
 *(.rodata*)
 *fill*         0x0000000008004a77        0x1 
 .rodata.AHBPrescTable
                0x0000000008004a78       0x10 ./Core/Src/system_stm32l4xx.o
                0x0000000008004a78                AHBPrescTable
 .rodata.APBPrescTable
                0x0000000008004a88        0x8 ./Core/Src/system_stm32l4xx.o
                0x0000000008004a88                APBPrescTable
 .rodata.MSIRangeTable
                0x0000000008004a90       0x30 ./Core/Src/system_stm32l4xx.o
                0x0000000008004a90                MSIRangeTable
 .rodata._global_impure_ptr
                0x0000000008004ac0        0x4 c:/st/stm32cubeide_1.11.0/stm32cubeide/plugins/com.st.stm32cube.ide.mcu.externaltools.gnu-tools-for-stm32.10.3-2021.10.win32_1.0.100.202210260954/tools/bin/../lib/gcc/arm-none-eabi/10.3.1/../../../../arm-none-eabi/lib/thumb/v7e-m+fp/hard\libc_nano.a(lib_a-impure.o)
                0x0000000008004ac0                _global_impure_ptr
 .rodata._ctype_
                0x0000000008004ac4      0x101 c:/st/stm32cubeide_1.11.0/stm32cubeide/plugins/com.st.stm32cube.ide.mcu.externaltools.gnu-tools-for-stm32.10.3-2021.10.win32_1.0.100.202210260954/tools/bin/../lib/gcc/arm-none-eabi/10.3.1/../../../../arm-none-eabi/lib/thumb/v7e-m+fp/hard\libc_nano.a(lib_a-ctype_.o)
                0x0000000008004ac4                _ctype_
 *fill*         0x0000000008004bc5        0x3 
 .rodata.__sf_fake_stderr
                0x0000000008004bc8       0x20 c:/st/stm32cubeide_1.11.0/stm32cubeide/plugins/com.st.stm32cube.ide.mcu.externaltools.gnu-tools-for-stm32.10.3-2021.10.win32_1.0.100.202210260954/tools/bin/../lib/gcc/arm-none-eabi/10.3.1/../../../../arm-none-eabi/lib/thumb/v7e-m+fp/hard\libc_nano.a(lib_a-findfp.o)
                0x0000000008004bc8                __sf_fake_stderr
 .rodata.__sf_fake_stdin
                0x0000000008004be8       0x20 c:/st/stm32cubeide_1.11.0/stm32cubeide/plugins/com.st.stm32cube.ide.mcu.externaltools.gnu-tools-for-stm32.10.3-2021.10.win32_1.0.100.202210260954/tools/bin/../lib/gcc/arm-none-eabi/10.3.1/../../../../arm-none-eabi/lib/thumb/v7e-m+fp/hard\libc_nano.a(lib_a-findfp.o)
                0x0000000008004be8                __sf_fake_stdin
 .rodata.__sf_fake_stdout
                0x0000000008004c08       0x20 c:/st/stm32cubeide_1.11.0/stm32cubeide/plugins/com.st.stm32cube.ide.mcu.externaltools.gnu-tools-for-stm32.10.3-2021.10.win32_1.0.100.202210260954/tools/bin/../lib/gcc/arm-none-eabi/10.3.1/../../../../arm-none-eabi/lib/thumb/v7e-m+fp/hard\libc_nano.a(lib_a-findfp.o)
                0x0000000008004c08                __sf_fake_stdout
 .rodata._vfprintf_r.str1.1
                0x0000000008004c28       0x11 c:/st/stm32cubeide_1.11.0/stm32cubeide/plugins/com.st.stm32cube.ide.mcu.externaltools.gnu-tools-for-stm32.10.3-2021.10.win32_1.0.100.202210260954/tools/bin/../lib/gcc/arm-none-eabi/10.3.1/../../../../arm-none-eabi/lib/thumb/v7e-m+fp/hard\libc_nano.a(lib_a-nano-vfprintf.o)
 .rodata._printf_i.str1.1
                0x0000000008004c39       0x22 c:/st/stm32cubeide_1.11.0/stm32cubeide/plugins/com.st.stm32cube.ide.mcu.externaltools.gnu-tools-for-stm32.10.3-2021.10.win32_1.0.100.202210260954/tools/bin/../lib/gcc/arm-none-eabi/10.3.1/../../../../arm-none-eabi/lib/thumb/v7e-m+fp/hard\libc_nano.a(lib_a-nano-vfprintf_i.o)
                0x0000000008004c5c                . = ALIGN (0x4)
 *fill*         0x0000000008004c5b        0x1 

.ARM.extab      0x0000000008004c5c        0x0
                0x0000000008004c5c                . = ALIGN (0x4)
 *(.ARM.extab* .gnu.linkonce.armextab.*)
                0x0000000008004c5c                . = ALIGN (0x4)

.ARM            0x0000000008004c5c        0x8
                0x0000000008004c5c                . = ALIGN (0x4)
                0x0000000008004c5c                __exidx_start = .
 *(.ARM.exidx*)
 .ARM.exidx     0x0000000008004c5c        0x8 c:/st/stm32cubeide_1.11.0/stm32cubeide/plugins/com.st.stm32cube.ide.mcu.externaltools.gnu-tools-for-stm32.10.3-2021.10.win32_1.0.100.202210260954/tools/bin/../lib/gcc/arm-none-eabi/10.3.1/thumb/v7e-m+fp/hard\libgcc.a(_udivmoddi4.o)
                0x0000000008004c64                __exidx_end = .
                0x0000000008004c64                . = ALIGN (0x4)

.rel.dyn        0x0000000008004c64        0x0
 .rel.iplt      0x0000000008004c64        0x0 c:/st/stm32cubeide_1.11.0/stm32cubeide/plugins/com.st.stm32cube.ide.mcu.externaltools.gnu-tools-for-stm32.10.3-2021.10.win32_1.0.100.202210260954/tools/bin/../lib/gcc/arm-none-eabi/10.3.1/thumb/v7e-m+fp/hard/crtbegin.o

.preinit_array  0x0000000008004c64        0x0
                0x0000000008004c64                . = ALIGN (0x4)
                0x0000000008004c64                PROVIDE (__preinit_array_start = .)
 *(.preinit_array*)
                0x0000000008004c64                PROVIDE (__preinit_array_end = .)
                0x0000000008004c64                . = ALIGN (0x4)

.init_array     0x0000000008004c64        0x4
                0x0000000008004c64                . = ALIGN (0x4)
                0x0000000008004c64                PROVIDE (__init_array_start = .)
 *(SORT_BY_NAME(.init_array.*))
 *(.init_array*)
 .init_array    0x0000000008004c64        0x4 c:/st/stm32cubeide_1.11.0/stm32cubeide/plugins/com.st.stm32cube.ide.mcu.externaltools.gnu-tools-for-stm32.10.3-2021.10.win32_1.0.100.202210260954/tools/bin/../lib/gcc/arm-none-eabi/10.3.1/thumb/v7e-m+fp/hard/crtbegin.o
                0x0000000008004c68                PROVIDE (__init_array_end = .)
                0x0000000008004c68                . = ALIGN (0x4)

.fini_array     0x0000000008004c68        0x4
                0x0000000008004c68                . = ALIGN (0x4)
                [!provide]                        PROVIDE (__fini_array_start = .)
 *(SORT_BY_NAME(.fini_array.*))
 *(.fini_array*)
 .fini_array    0x0000000008004c68        0x4 c:/st/stm32cubeide_1.11.0/stm32cubeide/plugins/com.st.stm32cube.ide.mcu.externaltools.gnu-tools-for-stm32.10.3-2021.10.win32_1.0.100.202210260954/tools/bin/../lib/gcc/arm-none-eabi/10.3.1/thumb/v7e-m+fp/hard/crtbegin.o
                [!provide]                        PROVIDE (__fini_array_end = .)
                0x0000000008004c6c                . = ALIGN (0x4)
                0x0000000008004c6c                _sidata = LOADADDR (.data)

.data           0x0000000020000000       0x70 load address 0x0000000008004c6c
                0x0000000020000000                . = ALIGN (0x4)
                0x0000000020000000                _sdata = .
 *(.data)
 *(.data*)
 .data.SystemCoreClock
                0x0000000020000000        0x4 ./Core/Src/system_stm32l4xx.o
                0x0000000020000000                SystemCoreClock
 .data.uwTickPrio
                0x0000000020000004        0x4 ./Drivers/STM32L4xx_HAL_Driver/Src/stm32l4xx_hal.o
                0x0000000020000004                uwTickPrio
 .data.uwTickFreq
                0x0000000020000008        0x1 ./Drivers/STM32L4xx_HAL_Driver/Src/stm32l4xx_hal.o
                0x0000000020000008                uwTickFreq
 *fill*         0x0000000020000009        0x3 
 .data._impure_ptr
                0x000000002000000c        0x4 c:/st/stm32cubeide_1.11.0/stm32cubeide/plugins/com.st.stm32cube.ide.mcu.externaltools.gnu-tools-for-stm32.10.3-2021.10.win32_1.0.100.202210260954/tools/bin/../lib/gcc/arm-none-eabi/10.3.1/../../../../arm-none-eabi/lib/thumb/v7e-m+fp/hard\libc_nano.a(lib_a-impure.o)
                0x000000002000000c                _impure_ptr
 .data.impure_data
                0x0000000020000010       0x60 c:/st/stm32cubeide_1.11.0/stm32cubeide/plugins/com.st.stm32cube.ide.mcu.externaltools.gnu-tools-for-stm32.10.3-2021.10.win32_1.0.100.202210260954/tools/bin/../lib/gcc/arm-none-eabi/10.3.1/../../../../arm-none-eabi/lib/thumb/v7e-m+fp/hard\libc_nano.a(lib_a-impure.o)
 *(.RamFunc)
 *(.RamFunc*)
                0x0000000020000070                . = ALIGN (0x4)
                0x0000000020000070                _edata = .

.igot.plt       0x0000000020000070        0x0 load address 0x0000000008004cdc
 .igot.plt      0x0000000020000070        0x0 c:/st/stm32cubeide_1.11.0/stm32cubeide/plugins/com.st.stm32cube.ide.mcu.externaltools.gnu-tools-for-stm32.10.3-2021.10.win32_1.0.100.202210260954/tools/bin/../lib/gcc/arm-none-eabi/10.3.1/thumb/v7e-m+fp/hard/crtbegin.o
                0x0000000020000070                . = ALIGN (0x4)

.bss            0x0000000020000070       0xd8 load address 0x0000000008004cdc
                0x0000000020000070                _sbss = .
                0x0000000020000070                __bss_start__ = _sbss
 *(.bss)
 .bss           0x0000000020000070       0x1c c:/st/stm32cubeide_1.11.0/stm32cubeide/plugins/com.st.stm32cube.ide.mcu.externaltools.gnu-tools-for-stm32.10.3-2021.10.win32_1.0.100.202210260954/tools/bin/../lib/gcc/arm-none-eabi/10.3.1/thumb/v7e-m+fp/hard/crtbegin.o
 *(.bss*)
 .bss.hdac1     0x000000002000008c       0x14 ./Core/Src/dac.o
                0x000000002000008c                hdac1
 .bss.line_length.3
                0x00000000200000a0        0x4 ./Core/Src/main.o
 .bss.line_buffer.2
                0x00000000200000a4        0x6 ./Core/Src/main.o
 *fill*         0x00000000200000aa        0x2 
 .bss.__sbrk_heap_end
                0x00000000200000ac        0x4 ./Core/Src/sysmem.o
 .bss.huart2    0x00000000200000b0       0x84 ./Core/Src/usart.o
                0x00000000200000b0                huart2
 .bss.uwTick    0x0000000020000134        0x4 ./Drivers/STM32L4xx_HAL_Driver/Src/stm32l4xx_hal.o
                0x0000000020000134                uwTick
 .bss.__lock___malloc_recursive_mutex
                0x0000000020000138        0x1 c:/st/stm32cubeide_1.11.0/stm32cubeide/plugins/com.st.stm32cube.ide.mcu.externaltools.gnu-tools-for-stm32.10.3-2021.10.win32_1.0.100.202210260954/tools/bin/../lib/gcc/arm-none-eabi/10.3.1/../../../../arm-none-eabi/lib/thumb/v7e-m+fp/hard\libc_nano.a(lib_a-lock.o)
                0x0000000020000138                __lock___malloc_recursive_mutex
 .bss.__lock___sfp_recursive_mutex
                0x0000000020000139        0x1 c:/st/stm32cubeide_1.11.0/stm32cubeide/plugins/com.st.stm32cube.ide.mcu.externaltools.gnu-tools-for-stm32.10.3-2021.10.win32_1.0.100.202210260954/tools/bin/../lib/gcc/arm-none-eabi/10.3.1/../../../../arm-none-eabi/lib/thumb/v7e-m+fp/hard\libc_nano.a(lib_a-lock.o)
                0x0000000020000139                __lock___sfp_recursive_mutex
 .bss.__lock___sinit_recursive_mutex
                0x000000002000013a        0x1 c:/st/stm32cubeide_1.11.0/stm32cubeide/plugins/com.st.stm32cube.ide.mcu.externaltools.gnu-tools-for-stm32.10.3-2021.10.win32_1.0.100.202210260954/tools/bin/../lib/gcc/arm-none-eabi/10.3.1/../../../../arm-none-eabi/lib/thumb/v7e-m+fp/hard\libc_nano.a(lib_a-lock.o)
                0x000000002000013a                __lock___sinit_recursive_mutex
 *fill*         0x000000002000013b        0x1 
 .bss.__malloc_free_list
                0x000000002000013c        0x4 c:/st/stm32cubeide_1.11.0/stm32cubeide/plugins/com.st.stm32cube.ide.mcu.externaltools.gnu-tools-for-stm32.10.3-2021.10.win32_1.0.100.202210260954/tools/bin/../lib/gcc/arm-none-eabi/10.3.1/../../../../arm-none-eabi/lib/thumb/v7e-m+fp/hard\libc_nano.a(lib_a-nano-mallocr.o)
                0x000000002000013c                __malloc_free_list
 .bss.__malloc_sbrk_start
                0x0000000020000140        0x4 c:/st/stm32cubeide_1.11.0/stm32cubeide/plugins/com.st.stm32cube.ide.mcu.externaltools.gnu-tools-for-stm32.10.3-2021.10.win32_1.0.100.202210260954/tools/bin/../lib/gcc/arm-none-eabi/10.3.1/../../../../arm-none-eabi/lib/thumb/v7e-m+fp/hard\libc_nano.a(lib_a-nano-mallocr.o)
                0x0000000020000140                __malloc_sbrk_start
 .bss.errno     0x0000000020000144        0x4 c:/st/stm32cubeide_1.11.0/stm32cubeide/plugins/com.st.stm32cube.ide.mcu.externaltools.gnu-tools-for-stm32.10.3-2021.10.win32_1.0.100.202210260954/tools/bin/../lib/gcc/arm-none-eabi/10.3.1/../../../../arm-none-eabi/lib/thumb/v7e-m+fp/hard\libc_nano.a(lib_a-reent.o)
                0x0000000020000144                errno
 *(COMMON)
                0x0000000020000148                . = ALIGN (0x4)
                0x0000000020000148                _ebss = .
                0x0000000020000148                __bss_end__ = _ebss

._user_heap_stack
                0x0000000020000148      0x600 load address 0x0000000008004cdc
                0x0000000020000148                . = ALIGN (0x8)
                [!provide]                        PROVIDE (end = .)
                0x0000000020000148                PROVIDE (_end = .)
                0x0000000020000348                . = (. + _Min_Heap_Size)
 *fill*         0x0000000020000148      0x200 
                0x0000000020000748                . = (. + _Min_Stack_Size)
 *fill*         0x0000000020000348      0x400 
                0x0000000020000748                . = ALIGN (0x8)

/DISCARD/
 libc.a(*)
 libm.a(*)
 libgcc.a(*)

.ARM.attributes
                0x0000000000000000       0x30
 *(.ARM.attributes)
 .ARM.attributes
                0x0000000000000000       0x1e c:/st/stm32cubeide_1.11.0/stm32cubeide/plugins/com.st.stm32cube.ide.mcu.externaltools.gnu-tools-for-stm32.10.3-2021.10.win32_1.0.100.202210260954/tools/bin/../lib/gcc/arm-none-eabi/10.3.1/thumb/v7e-m+fp/hard/crti.o
 .ARM.attributes
                0x000000000000001e       0x34 c:/st/stm32cubeide_1.11.0/stm32cubeide/plugins/com.st.stm32cube.ide.mcu.externaltools.gnu-tools-for-stm32.10.3-2021.10.win32_1.0.100.202210260954/tools/bin/../lib/gcc/arm-none-eabi/10.3.1/thumb/v7e-m+fp/hard/crtbegin.o
 .ARM.attributes
                0x0000000000000052       0x34 ./Core/Src/dac.o
 .ARM.attributes
                0x0000000000000086       0x34 ./Core/Src/gpio.o
 .ARM.attributes
                0x00000000000000ba       0x34 ./Core/Src/main.o
 .ARM.attributes
                0x00000000000000ee       0x34 ./Core/Src/stm32l4xx_hal_msp.o
 .ARM.attributes
                0x0000000000000122       0x34 ./Core/Src/stm32l4xx_it.o
 .ARM.attributes
                0x0000000000000156       0x34 ./Core/Src/syscalls.o
 .ARM.attributes
                0x000000000000018a       0x34 ./Core/Src/sysmem.o
 .ARM.attributes
                0x00000000000001be       0x34 ./Core/Src/system_stm32l4xx.o
 .ARM.attributes
                0x00000000000001f2       0x34 ./Core/Src/usart.o
 .ARM.attributes
                0x0000000000000226       0x21 ./Core/Startup/startup_stm32l476rgtx.o
 .ARM.attributes
                0x0000000000000247       0x34 ./Drivers/STM32L4xx_HAL_Driver/Src/stm32l4xx_hal.o
 .ARM.attributes
                0x000000000000027b       0x34 ./Drivers/STM32L4xx_HAL_Driver/Src/stm32l4xx_hal_cortex.o
 .ARM.attributes
                0x00000000000002af       0x34 ./Drivers/STM32L4xx_HAL_Driver/Src/stm32l4xx_hal_dac.o
 .ARM.attributes
                0x00000000000002e3       0x34 ./Drivers/STM32L4xx_HAL_Driver/Src/stm32l4xx_hal_gpio.o
 .ARM.attributes
                0x0000000000000317       0x34 ./Drivers/STM32L4xx_HAL_Driver/Src/stm32l4xx_hal_pwr_ex.o
 .ARM.attributes
                0x000000000000034b       0x34 ./Drivers/STM32L4xx_HAL_Driver/Src/stm32l4xx_hal_rcc.o
 .ARM.attributes
                0x000000000000037f       0x34 ./Drivers/STM32L4xx_HAL_Driver/Src/stm32l4xx_hal_rcc_ex.o
 .ARM.attributes
                0x00000000000003b3       0x34 ./Drivers/STM32L4xx_HAL_Driver/Src/stm32l4xx_hal_uart.o
 .ARM.attributes
                0x00000000000003e7       0x34 c:/st/stm32cubeide_1.11.0/stm32cubeide/plugins/com.st.stm32cube.ide.mcu.externaltools.gnu-tools-for-stm32.10.3-2021.10.win32_1.0.100.202210260954/tools/bin/../lib/gcc/arm-none-eabi/10.3.1/../../../../arm-none-eabi/lib/thumb/v7e-m+fp/hard\libc_nano.a(lib_a-atoi.o)
 .ARM.attributes
                0x000000000000041b       0x34 c:/st/stm32cubeide_1.11.0/stm32cubeide/plugins/com.st.stm32cube.ide.mcu.externaltools.gnu-tools-for-stm32.10.3-2021.10.win32_1.0.100.202210260954/tools/bin/../lib/gcc/arm-none-eabi/10.3.1/../../../../arm-none-eabi/lib/thumb/v7e-m+fp/hard\libc_nano.a(lib_a-errno.o)
 .ARM.attributes
                0x000000000000044f       0x34 c:/st/stm32cubeide_1.11.0/stm32cubeide/plugins/com.st.stm32cube.ide.mcu.externaltools.gnu-tools-for-stm32.10.3-2021.10.win32_1.0.100.202210260954/tools/bin/../lib/gcc/arm-none-eabi/10.3.1/../../../../arm-none-eabi/lib/thumb/v7e-m+fp/hard\libc_nano.a(lib_a-impure.o)
 .ARM.attributes
                0x0000000000000483       0x34 c:/st/stm32cubeide_1.11.0/stm32cubeide/plugins/com.st.stm32cube.ide.mcu.externaltools.gnu-tools-for-stm32.10.3-2021.10.win32_1.0.100.202210260954/tools/bin/../lib/gcc/arm-none-eabi/10.3.1/../../../../arm-none-eabi/lib/thumb/v7e-m+fp/hard\libc_nano.a(lib_a-init.o)
 .ARM.attributes
                0x00000000000004b7       0x34 c:/st/stm32cubeide_1.11.0/stm32cubeide/plugins/com.st.stm32cube.ide.mcu.externaltools.gnu-tools-for-stm32.10.3-2021.10.win32_1.0.100.202210260954/tools/bin/../lib/gcc/arm-none-eabi/10.3.1/../../../../arm-none-eabi/lib/thumb/v7e-m+fp/hard\libc_nano.a(lib_a-memset.o)
 .ARM.attributes
                0x00000000000004eb       0x34 c:/st/stm32cubeide_1.11.0/stm32cubeide/plugins/com.st.stm32cube.ide.mcu.externaltools.gnu-tools-for-stm32.10.3-2021.10.win32_1.0.100.202210260954/tools/bin/../lib/gcc/arm-none-eabi/10.3.1/../../../../arm-none-eabi/lib/thumb/v7e-m+fp/hard\libc_nano.a(lib_a-printf.o)
 .ARM.attributes
                0x000000000000051f       0x34 c:/st/stm32cubeide_1.11.0/stm32cubeide/plugins/com.st.stm32cube.ide.mcu.externaltools.gnu-tools-for-stm32.10.3-2021.10.win32_1.0.100.202210260954/tools/bin/../lib/gcc/arm-none-eabi/10.3.1/../../../../arm-none-eabi/lib/thumb/v7e-m+fp/hard\libc_nano.a(lib_a-strtol.o)
 .ARM.attributes
                0x0000000000000553       0x34 c:/st/stm32cubeide_1.11.0/stm32cubeide/plugins/com.st.stm32cube.ide.mcu.externaltools.gnu-tools-for-stm32.10.3-2021.10.win32_1.0.100.202210260954/tools/bin/../lib/gcc/arm-none-eabi/10.3.1/../../../../arm-none-eabi/lib/thumb/v7e-m+fp/hard\libc_nano.a(lib_a-ctype_.o)
 .ARM.attributes
                0x0000000000000587       0x34 c:/st/stm32cubeide_1.11.0/stm32cubeide/plugins/com.st.stm32cube.ide.mcu.externaltools.gnu-tools-for-stm32.10.3-2021.10.win32_1.0.100.202210260954/tools/bin/../lib/gcc/arm-none-eabi/10.3.1/../../../../arm-none-eabi/lib/thumb/v7e-m+fp/hard\libc_nano.a(lib_a-findfp.o)
 .ARM.attributes
                0x00000000000005bb       0x34 c:/st/stm32cubeide_1.11.0/stm32cubeide/plugins/com.st.stm32cube.ide.mcu.externaltools.gnu-tools-for-stm32.10.3-2021.10.win32_1.0.100.202210260954/tools/bin/../lib/gcc/arm-none-eabi/10.3.1/../../../../arm-none-eabi/lib/thumb/v7e-m+fp/hard\libc_nano.a(lib_a-fwalk.o)
 .ARM.attributes
                0x00000000000005ef       0x34 c:/st/stm32cubeide_1.11.0/stm32cubeide/plugins/com.st.stm32cube.ide.mcu.externaltools.gnu-tools-for-stm32.10.3-2021.10.win32_1.0.100.202210260954/tools/bin/../lib/gcc/arm-none-eabi/10.3.1/../../../../arm-none-eabi/lib/thumb/v7e-m+fp/hard\libc_nano.a(lib_a-lock.o)
 .ARM.attributes
                0x0000000000000623       0x34 c:/st/stm32cubeide_1.11.0/stm32cubeide/plugins/com.st.stm32cube.ide.mcu.externaltools.gnu-tools-for-stm32.10.3-2021.10.win32_1.0.100.202210260954/tools/bin/../lib/gcc/arm-none-eabi/10.3.1/../../../../arm-none-eabi/lib/thumb/v7e-m+fp/hard\libc_nano.a(lib_a-nano-mallocr.o)
 .ARM.attributes
                0x0000000000000657       0x34 c:/st/stm32cubeide_1.11.0/stm32cubeide/plugins/com.st.stm32cube.ide.mcu.externaltools.gnu-tools-for-stm32.10.3-2021.10.win32_1.0.100.202210260954/tools/bin/../lib/gcc/arm-none-eabi/10.3.1/../../../../arm-none-eabi/lib/thumb/v7e-m+fp/hard\libc_nano.a(lib_a-nano-vfprintf.o)
 .ARM.attributes
                0x000000000000068b       0x34 c:/st/stm32cubeide_1.11.0/stm32cubeide/plugins/com.st.stm32cube.ide.mcu.externaltools.gnu-tools-for-stm32.10.3-2021.10.win32_1.0.100.202210260954/tools/bin/../lib/gcc/arm-none-eabi/10.3.1/../../../../arm-none-eabi/lib/thumb/v7e-m+fp/hard\libc_nano.a(lib_a-nano-vfprintf_i.o)
 .ARM.attributes
                0x00000000000006bf       0x34 c:/st/stm32cubeide_1.11.0/stm32cubeide/plugins/com.st.stm32cube.ide.mcu.externaltools.gnu-tools-for-stm32.10.3-2021.10.win32_1.0.100.202210260954/tools/bin/../lib/gcc/arm-none-eabi/10.3.1/../../../../arm-none-eabi/lib/thumb/v7e-m+fp/hard\libc_nano.a(lib_a-sbrkr.o)
 .ARM.attributes
                0x00000000000006f3       0x34 c:/st/stm32cubeide_1.11.0/stm32cubeide/plugins/com.st.stm32cube.ide.mcu.externaltools.gnu-tools-for-stm32.10.3-2021.10.win32_1.0.100.202210260954/tools/bin/../lib/gcc/arm-none-eabi/10.3.1/../../../../arm-none-eabi/lib/thumb/v7e-m+fp/hard\libc_nano.a(lib_a-stdio.o)
 .ARM.attributes
                0x0000000000000727       0x34 c:/st/stm32cubeide_1.11.0/stm32cubeide/plugins/com.st.stm32cube.ide.mcu.externaltools.gnu-tools-for-stm32.10.3-2021.10.win32_1.0.100.202210260954/tools/bin/../lib/gcc/arm-none-eabi/10.3.1/../../../../arm-none-eabi/lib/thumb/v7e-m+fp/hard\libc_nano.a(lib_a-wbuf.o)
 .ARM.attributes
                0x000000000000075b       0x34 c:/st/stm32cubeide_1.11.0/stm32cubeide/plugins/com.st.stm32cube.ide.mcu.externaltools.gnu-tools-for-stm32.10.3-2021.10.win32_1.0.100.202210260954/tools/bin/../lib/gcc/arm-none-eabi/10.3.1/../../../../arm-none-eabi/lib/thumb/v7e-m+fp/hard\libc_nano.a(lib_a-writer.o)
 .ARM.attributes
                0x000000000000078f       0x34 c:/st/stm32cubeide_1.11.0/stm32cubeide/plugins/com.st.stm32cube.ide.mcu.externaltools.gnu-tools-for-stm32.10.3-2021.10.win32_1.0.100.202210260954/tools/bin/../lib/gcc/arm-none-eabi/10.3.1/../../../../arm-none-eabi/lib/thumb/v7e-m+fp/hard\libc_nano.a(lib_a-wsetup.o)
 .ARM.attributes
                0x00000000000007c3       0x34 c:/st/stm32cubeide_1.11.0/stm32cubeide/plugins/com.st.stm32cube.ide.mcu.externaltools.gnu-tools-for-stm32.10.3-2021.10.win32_1.0.100.202210260954/tools/bin/../lib/gcc/arm-none-eabi/10.3.1/../../../../arm-none-eabi/lib/thumb/v7e-m+fp/hard\libc_nano.a(lib_a-closer.o)
 .ARM.attributes
                0x00000000000007f7       0x34 c:/st/stm32cubeide_1.11.0/stm32cubeide/plugins/com.st.stm32cube.ide.mcu.externaltools.gnu-tools-for-stm32.10.3-2021.10.win32_1.0.100.202210260954/tools/bin/../lib/gcc/arm-none-eabi/10.3.1/../../../../arm-none-eabi/lib/thumb/v7e-m+fp/hard\libc_nano.a(lib_a-fflush.o)
 .ARM.attributes
                0x000000000000082b       0x34 c:/st/stm32cubeide_1.11.0/stm32cubeide/plugins/com.st.stm32cube.ide.mcu.externaltools.gnu-tools-for-stm32.10.3-2021.10.win32_1.0.100.202210260954/tools/bin/../lib/gcc/arm-none-eabi/10.3.1/../../../../arm-none-eabi/lib/thumb/v7e-m+fp/hard\libc_nano.a(lib_a-lseekr.o)
 .ARM.attributes
                0x000000000000085f       0x34 c:/st/stm32cubeide_1.11.0/stm32cubeide/plugins/com.st.stm32cube.ide.mcu.externaltools.gnu-tools-for-stm32.10.3-2021.10.win32_1.0.100.202210260954/tools/bin/../lib/gcc/arm-none-eabi/10.3.1/../../../../arm-none-eabi/lib/thumb/v7e-m+fp/hard\libc_nano.a(lib_a-makebuf.o)
 .ARM.attributes
                0x0000000000000893       0x1c c:/st/stm32cubeide_1.11.0/stm32cubeide/plugins/com.st.stm32cube.ide.mcu.externaltools.gnu-tools-for-stm32.10.3-2021.10.win32_1.0.100.202210260954/tools/bin/../lib/gcc/arm-none-eabi/10.3.1/../../../../arm-none-eabi/lib/thumb/v7e-m+fp/hard\libc_nano.a(lib_a-memchr.o)
 .ARM.attributes
                0x00000000000008af       0x34 c:/st/stm32cubeide_1.11.0/stm32cubeide/plugins/com.st.stm32cube.ide.mcu.externaltools.gnu-tools-for-stm32.10.3-2021.10.win32_1.0.100.202210260954/tools/bin/../lib/gcc/arm-none-eabi/10.3.1/../../../../arm-none-eabi/lib/thumb/v7e-m+fp/hard\libc_nano.a(lib_a-mlock.o)
 .ARM.attributes
                0x00000000000008e3       0x34 c:/st/stm32cubeide_1.11.0/stm32cubeide/plugins/com.st.stm32cube.ide.mcu.externaltools.gnu-tools-for-stm32.10.3-2021.10.win32_1.0.100.202210260954/tools/bin/../lib/gcc/arm-none-eabi/10.3.1/../../../../arm-none-eabi/lib/thumb/v7e-m+fp/hard\libc_nano.a(lib_a-nano-freer.o)
 .ARM.attributes
                0x0000000000000917       0x34 c:/st/stm32cubeide_1.11.0/stm32cubeide/plugins/com.st.stm32cube.ide.mcu.externaltools.gnu-tools-for-stm32.10.3-2021.10.win32_1.0.100.202210260954/tools/bin/../lib/gcc/arm-none-eabi/10.3.1/../../../../arm-none-eabi/lib/thumb/v7e-m+fp/hard\libc_nano.a(lib_a-readr.o)
 .ARM.attributes
                0x000000000000094b       0x34 c:/st/stm32cubeide_1.11.0/stm32cubeide/plugins/com.st.stm32cube.ide.mcu.externaltools.gnu-tools-for-stm32.10.3-2021.10.win32_1.0.100.202210260954/tools/bin/../lib/gcc/arm-none-eabi/10.3.1/../../../../arm-none-eabi/lib/thumb/v7e-m+fp/hard\libc_nano.a(lib_a-reent.o)
 .ARM.attributes
                0x000000000000097f       0x34 c:/st/stm32cubeide_1.11.0/stm32cubeide/plugins/com.st.stm32cube.ide.mcu.externaltools.gnu-tools-for-stm32.10.3-2021.10.win32_1.0.100.202210260954/tools/bin/../lib/gcc/arm-none-eabi/10.3.1/../../../../arm-none-eabi/lib/thumb/v7e-m+fp/hard\libc_nano.a(lib_a-fstatr.o)
 .ARM.attributes
                0x00000000000009b3       0x34 c:/st/stm32cubeide_1.11.0/stm32cubeide/plugins/com.st.stm32cube.ide.mcu.externaltools.gnu-tools-for-stm32.10.3-2021.10.win32_1.0.100.202210260954/tools/bin/../lib/gcc/arm-none-eabi/10.3.1/../../../../arm-none-eabi/lib/thumb/v7e-m+fp/hard\libc_nano.a(lib_a-isattyr.o)
 .ARM.attributes
                0x00000000000009e7       0x1e c:/st/stm32cubeide_1.11.0/stm32cubeide/plugins/com.st.stm32cube.ide.mcu.externaltools.gnu-tools-for-stm32.10.3-2021.10.win32_1.0.100.202210260954/tools/bin/../lib/gcc/arm-none-eabi/10.3.1/thumb/v7e-m+fp/hard\libgcc.a(_aeabi_uldivmod.o)
 .ARM.attributes
                0x0000000000000a05       0x34 c:/st/stm32cubeide_1.11.0/stm32cubeide/plugins/com.st.stm32cube.ide.mcu.externaltools.gnu-tools-for-stm32.10.3-2021.10.win32_1.0.100.202210260954/tools/bin/../lib/gcc/arm-none-eabi/10.3.1/thumb/v7e-m+fp/hard\libgcc.a(_udivmoddi4.o)
 .ARM.attributes
                0x0000000000000a39       0x1e c:/st/stm32cubeide_1.11.0/stm32cubeide/plugins/com.st.stm32cube.ide.mcu.externaltools.gnu-tools-for-stm32.10.3-2021.10.win32_1.0.100.202210260954/tools/bin/../lib/gcc/arm-none-eabi/10.3.1/thumb/v7e-m+fp/hard\libgcc.a(_dvmd_tls.o)
 .ARM.attributes
                0x0000000000000a57       0x1e c:/st/stm32cubeide_1.11.0/stm32cubeide/plugins/com.st.stm32cube.ide.mcu.externaltools.gnu-tools-for-stm32.10.3-2021.10.win32_1.0.100.202210260954/tools/bin/../lib/gcc/arm-none-eabi/10.3.1/thumb/v7e-m+fp/hard/crtn.o
OUTPUT(pwrGlitch.elf elf32-littlearm)
LOAD linker stubs
LOAD c:/st/stm32cubeide_1.11.0/stm32cubeide/plugins/com.st.stm32cube.ide.mcu.externaltools.gnu-tools-for-stm32.10.3-2021.10.win32_1.0.100.202210260954/tools/bin/../lib/gcc/arm-none-eabi/10.3.1/../../../../arm-none-eabi/lib/thumb/v7e-m+fp/hard\libc.a
LOAD c:/st/stm32cubeide_1.11.0/stm32cubeide/plugins/com.st.stm32cube.ide.mcu.externaltools.gnu-tools-for-stm32.10.3-2021.10.win32_1.0.100.202210260954/tools/bin/../lib/gcc/arm-none-eabi/10.3.1/../../../../arm-none-eabi/lib/thumb/v7e-m+fp/hard\libm.a
LOAD c:/st/stm32cubeide_1.11.0/stm32cubeide/plugins/com.st.stm32cube.ide.mcu.externaltools.gnu-tools-for-stm32.10.3-2021.10.win32_1.0.100.202210260954/tools/bin/../lib/gcc/arm-none-eabi/10.3.1/thumb/v7e-m+fp/hard\libgcc.a

.debug_info     0x0000000000000000     0xcd3f
 .debug_info    0x0000000000000000      0xa43 ./Core/Src/dac.o
 .debug_info    0x0000000000000a43      0x4ef ./Core/Src/gpio.o
 .debug_info    0x0000000000000f32      0xe2c ./Core/Src/main.o
 .debug_info    0x0000000000001d5e      0x308 ./Core/Src/stm32l4xx_hal_msp.o
 .debug_info    0x0000000000002066      0x122 ./Core/Src/stm32l4xx_it.o
 .debug_info    0x0000000000002188      0x6e0 ./Core/Src/syscalls.o
 .debug_info    0x0000000000002868      0x171 ./Core/Src/sysmem.o
 .debug_info    0x00000000000029d9      0x5c6 ./Core/Src/system_stm32l4xx.o
 .debug_info    0x0000000000002f9f      0xd51 ./Core/Src/usart.o
 .debug_info    0x0000000000003cf0       0x22 ./Core/Startup/startup_stm32l476rgtx.o
 .debug_info    0x0000000000003d12      0xc57 ./Drivers/STM32L4xx_HAL_Driver/Src/stm32l4xx_hal.o
 .debug_info    0x0000000000004969      0xe21 ./Drivers/STM32L4xx_HAL_Driver/Src/stm32l4xx_hal_cortex.o
 .debug_info    0x000000000000578a      0xb17 ./Drivers/STM32L4xx_HAL_Driver/Src/stm32l4xx_hal_dac.o
 .debug_info    0x00000000000062a1      0x821 ./Drivers/STM32L4xx_HAL_Driver/Src/stm32l4xx_hal_gpio.o
 .debug_info    0x0000000000006ac2      0x9f0 ./Drivers/STM32L4xx_HAL_Driver/Src/stm32l4xx_hal_pwr_ex.o
 .debug_info    0x00000000000074b2      0xced ./Drivers/STM32L4xx_HAL_Driver/Src/stm32l4xx_hal_rcc.o
 .debug_info    0x000000000000819f      0xe92 ./Drivers/STM32L4xx_HAL_Driver/Src/stm32l4xx_hal_rcc_ex.o
 .debug_info    0x0000000000009031     0x3d0e ./Drivers/STM32L4xx_HAL_Driver/Src/stm32l4xx_hal_uart.o

.debug_abbrev   0x0000000000000000     0x1fc1
 .debug_abbrev  0x0000000000000000      0x1e0 ./Core/Src/dac.o
 .debug_abbrev  0x00000000000001e0      0x146 ./Core/Src/gpio.o
 .debug_abbrev  0x0000000000000326      0x2cf ./Core/Src/main.o
 .debug_abbrev  0x00000000000005f5       0xc2 ./Core/Src/stm32l4xx_hal_msp.o
 .debug_abbrev  0x00000000000006b7       0x74 ./Core/Src/stm32l4xx_it.o
 .debug_abbrev  0x000000000000072b      0x1b3 ./Core/Src/syscalls.o
 .debug_abbrev  0x00000000000008de       0xbb ./Core/Src/sysmem.o
 .debug_abbrev  0x0000000000000999      0x116 ./Core/Src/system_stm32l4xx.o
 .debug_abbrev  0x0000000000000aaf      0x1e7 ./Core/Src/usart.o
 .debug_abbrev  0x0000000000000c96       0x12 ./Core/Startup/startup_stm32l476rgtx.o
 .debug_abbrev  0x0000000000000ca8      0x23a ./Drivers/STM32L4xx_HAL_Driver/Src/stm32l4xx_hal.o
 .debug_abbrev  0x0000000000000ee2      0x316 ./Drivers/STM32L4xx_HAL_Driver/Src/stm32l4xx_hal_cortex.o
 .debug_abbrev  0x00000000000011f8      0x209 ./Drivers/STM32L4xx_HAL_Driver/Src/stm32l4xx_hal_dac.o
 .debug_abbrev  0x0000000000001401      0x1bb ./Drivers/STM32L4xx_HAL_Driver/Src/stm32l4xx_hal_gpio.o
 .debug_abbrev  0x00000000000015bc      0x1f3 ./Drivers/STM32L4xx_HAL_Driver/Src/stm32l4xx_hal_pwr_ex.o
 .debug_abbrev  0x00000000000017af      0x2bd ./Drivers/STM32L4xx_HAL_Driver/Src/stm32l4xx_hal_rcc.o
 .debug_abbrev  0x0000000000001a6c      0x299 ./Drivers/STM32L4xx_HAL_Driver/Src/stm32l4xx_hal_rcc_ex.o
 .debug_abbrev  0x0000000000001d05      0x2bc ./Drivers/STM32L4xx_HAL_Driver/Src/stm32l4xx_hal_uart.o

.debug_aranges  0x0000000000000000      0xa98
 .debug_aranges
                0x0000000000000000       0x30 ./Core/Src/dac.o
 .debug_aranges
                0x0000000000000030       0x20 ./Core/Src/gpio.o
 .debug_aranges
                0x0000000000000050       0x48 ./Core/Src/main.o
 .debug_aranges
                0x0000000000000098       0x20 ./Core/Src/stm32l4xx_hal_msp.o
 .debug_aranges
                0x00000000000000b8       0x60 ./Core/Src/stm32l4xx_it.o
 .debug_aranges
                0x0000000000000118       0xa8 ./Core/Src/syscalls.o
 .debug_aranges
                0x00000000000001c0       0x20 ./Core/Src/sysmem.o
 .debug_aranges
                0x00000000000001e0       0x28 ./Core/Src/system_stm32l4xx.o
 .debug_aranges
                0x0000000000000208       0x30 ./Core/Src/usart.o
 .debug_aranges
                0x0000000000000238       0x28 ./Core/Startup/startup_stm32l476rgtx.o
 .debug_aranges
                0x0000000000000260      0x130 ./Drivers/STM32L4xx_HAL_Driver/Src/stm32l4xx_hal.o
 .debug_aranges
                0x0000000000000390      0x118 ./Drivers/STM32L4xx_HAL_Driver/Src/stm32l4xx_hal_cortex.o
 .debug_aranges
                0x00000000000004a8       0xc0 ./Drivers/STM32L4xx_HAL_Driver/Src/stm32l4xx_hal_dac.o
 .debug_aranges
                0x0000000000000568       0x58 ./Drivers/STM32L4xx_HAL_Driver/Src/stm32l4xx_hal_gpio.o
 .debug_aranges
                0x00000000000005c0      0x160 ./Drivers/STM32L4xx_HAL_Driver/Src/stm32l4xx_hal_pwr_ex.o
 .debug_aranges
                0x0000000000000720       0x90 ./Drivers/STM32L4xx_HAL_Driver/Src/stm32l4xx_hal_rcc.o
 .debug_aranges
                0x00000000000007b0       0xc0 ./Drivers/STM32L4xx_HAL_Driver/Src/stm32l4xx_hal_rcc_ex.o
 .debug_aranges
                0x0000000000000870      0x228 ./Drivers/STM32L4xx_HAL_Driver/Src/stm32l4xx_hal_uart.o

.debug_ranges   0x0000000000000000      0x9b0
 .debug_ranges  0x0000000000000000       0x20 ./Core/Src/dac.o
 .debug_ranges  0x0000000000000020       0x10 ./Core/Src/gpio.o
 .debug_ranges  0x0000000000000030       0x38 ./Core/Src/main.o
 .debug_ranges  0x0000000000000068       0x10 ./Core/Src/stm32l4xx_hal_msp.o
 .debug_ranges  0x0000000000000078       0x50 ./Core/Src/stm32l4xx_it.o
 .debug_ranges  0x00000000000000c8       0x98 ./Core/Src/syscalls.o
 .debug_ranges  0x0000000000000160       0x10 ./Core/Src/sysmem.o
 .debug_ranges  0x0000000000000170       0x18 ./Core/Src/system_stm32l4xx.o
 .debug_ranges  0x0000000000000188       0x20 ./Core/Src/usart.o
 .debug_ranges  0x00000000000001a8       0x20 ./Core/Startup/startup_stm32l476rgtx.o
 .debug_ranges  0x00000000000001c8      0x120 ./Drivers/STM32L4xx_HAL_Driver/Src/stm32l4xx_hal.o
 .debug_ranges  0x00000000000002e8      0x108 ./Drivers/STM32L4xx_HAL_Driver/Src/stm32l4xx_hal_cortex.o
 .debug_ranges  0x00000000000003f0       0xb0 ./Drivers/STM32L4xx_HAL_Driver/Src/stm32l4xx_hal_dac.o
 .debug_ranges  0x00000000000004a0       0x48 ./Drivers/STM32L4xx_HAL_Driver/Src/stm32l4xx_hal_gpio.o
 .debug_ranges  0x00000000000004e8      0x150 ./Drivers/STM32L4xx_HAL_Driver/Src/stm32l4xx_hal_pwr_ex.o
 .debug_ranges  0x0000000000000638       0x80 ./Drivers/STM32L4xx_HAL_Driver/Src/stm32l4xx_hal_rcc.o
 .debug_ranges  0x00000000000006b8       0xb0 ./Drivers/STM32L4xx_HAL_Driver/Src/stm32l4xx_hal_rcc_ex.o
 .debug_ranges  0x0000000000000768      0x248 ./Drivers/STM32L4xx_HAL_Driver/Src/stm32l4xx_hal_uart.o

.debug_macro    0x0000000000000000    0x27406
 .debug_macro   0x0000000000000000      0x1f2 ./Core/Src/dac.o
 .debug_macro   0x00000000000001f2      0xa78 ./Core/Src/dac.o
 .debug_macro   0x0000000000000c6a      0x1ad ./Core/Src/dac.o
 .debug_macro   0x0000000000000e17       0x2e ./Core/Src/dac.o
 .debug_macro   0x0000000000000e45       0x28 ./Core/Src/dac.o
 .debug_macro   0x0000000000000e6d       0x22 ./Core/Src/dac.o
 .debug_macro   0x0000000000000e8f       0x8e ./Core/Src/dac.o
 .debug_macro   0x0000000000000f1d       0x51 ./Core/Src/dac.o
 .debug_macro   0x0000000000000f6e      0x103 ./Core/Src/dac.o
 .debug_macro   0x0000000000001071       0x6a ./Core/Src/dac.o
 .debug_macro   0x00000000000010db      0x1df ./Core/Src/dac.o
 .debug_macro   0x00000000000012ba       0x1c ./Core/Src/dac.o
 .debug_macro   0x00000000000012d6       0x22 ./Core/Src/dac.o
 .debug_macro   0x00000000000012f8       0xfb ./Core/Src/dac.o
 .debug_macro   0x00000000000013f3     0x1011 ./Core/Src/dac.o
 .debug_macro   0x0000000000002404      0x11f ./Core/Src/dac.o
 .debug_macro   0x0000000000002523    0x1a17a ./Core/Src/dac.o
 .debug_macro   0x000000000001c69d       0x6d ./Core/Src/dac.o
 .debug_macro   0x000000000001c70a     0x38e6 ./Core/Src/dac.o
 .debug_macro   0x000000000001fff0      0x174 ./Core/Src/dac.o
 .debug_macro   0x0000000000020164       0x5c ./Core/Src/dac.o
 .debug_macro   0x00000000000201c0     0x159e ./Core/Src/dac.o
 .debug_macro   0x000000000002175e      0x5a5 ./Core/Src/dac.o
 .debug_macro   0x0000000000021d03      0x1b9 ./Core/Src/dac.o
 .debug_macro   0x0000000000021ebc      0x18b ./Core/Src/dac.o
 .debug_macro   0x0000000000022047      0x26b ./Core/Src/dac.o
 .debug_macro   0x00000000000222b2      0x23d ./Core/Src/dac.o
 .debug_macro   0x00000000000224ef      0x153 ./Core/Src/dac.o
 .debug_macro   0x0000000000022642       0xd8 ./Core/Src/dac.o
 .debug_macro   0x000000000002271a      0x241 ./Core/Src/dac.o
 .debug_macro   0x000000000002295b      0x37c ./Core/Src/dac.o
 .debug_macro   0x0000000000022cd7       0xd6 ./Core/Src/dac.o
 .debug_macro   0x0000000000022dad      0x22c ./Core/Src/dac.o
 .debug_macro   0x0000000000022fd9       0x61 ./Core/Src/dac.o
 .debug_macro   0x000000000002303a       0xa5 ./Core/Src/dac.o
 .debug_macro   0x00000000000230df      0x122 ./Core/Src/dac.o
 .debug_macro   0x0000000000023201      0x3ef ./Core/Src/dac.o
 .debug_macro   0x00000000000235f0      0x5ba ./Core/Src/dac.o
 .debug_macro   0x0000000000023baa       0x44 ./Core/Src/dac.o
 .debug_macro   0x0000000000023bee      0x330 ./Core/Src/dac.o
 .debug_macro   0x0000000000023f1e       0x58 ./Core/Src/dac.o
 .debug_macro   0x0000000000023f76      0x1f2 ./Core/Src/gpio.o
 .debug_macro   0x0000000000024168      0x2dc ./Core/Src/main.o
 .debug_macro   0x0000000000024444       0x1e ./Core/Src/main.o
 .debug_macro   0x0000000000024462       0x52 ./Core/Src/main.o
 .debug_macro   0x00000000000244b4       0x3c ./Core/Src/main.o
 .debug_macro   0x00000000000244f0       0x34 ./Core/Src/main.o
 .debug_macro   0x0000000000024524       0x16 ./Core/Src/main.o
 .debug_macro   0x000000000002453a       0x35 ./Core/Src/main.o
 .debug_macro   0x000000000002456f       0x16 ./Core/Src/main.o
 .debug_macro   0x0000000000024585       0x43 ./Core/Src/main.o
 .debug_macro   0x00000000000245c8       0x34 ./Core/Src/main.o
 .debug_macro   0x00000000000245fc       0x10 ./Core/Src/main.o
 .debug_macro   0x000000000002460c       0x58 ./Core/Src/main.o
 .debug_macro   0x0000000000024664       0x71 ./Core/Src/main.o
 .debug_macro   0x00000000000246d5       0x1c ./Core/Src/main.o
 .debug_macro   0x00000000000246f1      0x12a ./Core/Src/main.o
 .debug_macro   0x000000000002481b      0x341 ./Core/Src/main.o
 .debug_macro   0x0000000000024b5c       0x16 ./Core/Src/main.o
 .debug_macro   0x0000000000024b72       0x29 ./Core/Src/main.o
 .debug_macro   0x0000000000024b9b      0x1e8 ./Core/Src/stm32l4xx_hal_msp.o
 .debug_macro   0x0000000000024d83      0x1f2 ./Core/Src/stm32l4xx_it.o
 .debug_macro   0x0000000000024f75      0x24c ./Core/Src/syscalls.o
 .debug_macro   0x00000000000251c1       0x4c ./Core/Src/syscalls.o
 .debug_macro   0x000000000002520d       0x94 ./Core/Src/syscalls.o
 .debug_macro   0x00000000000252a1       0x57 ./Core/Src/syscalls.o
 .debug_macro   0x00000000000252f8       0x10 ./Core/Src/syscalls.o
 .debug_macro   0x0000000000025308       0x10 ./Core/Src/syscalls.o
 .debug_macro   0x0000000000025318       0x10 ./Core/Src/syscalls.o
 .debug_macro   0x0000000000025328       0x10 ./Core/Src/syscalls.o
 .debug_macro   0x0000000000025338       0x1c ./Core/Src/syscalls.o
 .debug_macro   0x0000000000025354       0x52 ./Core/Src/syscalls.o
 .debug_macro   0x00000000000253a6       0x22 ./Core/Src/syscalls.o
 .debug_macro   0x00000000000253c8       0x10 ./Core/Src/syscalls.o
 .debug_macro   0x00000000000253d8       0x52 ./Core/Src/syscalls.o
 .debug_macro   0x000000000002542a       0xd5 ./Core/Src/syscalls.o
 .debug_macro   0x00000000000254ff       0x1c ./Core/Src/syscalls.o
 .debug_macro   0x000000000002551b       0x3d ./Core/Src/syscalls.o
 .debug_macro   0x0000000000025558       0x35 ./Core/Src/syscalls.o
 .debug_macro   0x000000000002558d      0x12c ./Core/Src/syscalls.o
 .debug_macro   0x00000000000256b9       0x10 ./Core/Src/syscalls.o
 .debug_macro   0x00000000000256c9      0x241 ./Core/Src/syscalls.o
 .debug_macro   0x000000000002590a       0x1c ./Core/Src/syscalls.o
 .debug_macro   0x0000000000025926       0x10 ./Core/Src/syscalls.o
 .debug_macro   0x0000000000025936       0x10 ./Core/Src/syscalls.o
 .debug_macro   0x0000000000025946       0x16 ./Core/Src/syscalls.o
 .debug_macro   0x000000000002595c      0x145 ./Core/Src/syscalls.o
 .debug_macro   0x0000000000025aa1      0x189 ./Core/Src/syscalls.o
 .debug_macro   0x0000000000025c2a       0x16 ./Core/Src/syscalls.o
 .debug_macro   0x0000000000025c40       0xce ./Core/Src/syscalls.o
 .debug_macro   0x0000000000025d0e       0xff ./Core/Src/sysmem.o
 .debug_macro   0x0000000000025e0d      0x23b ./Core/Src/sysmem.o
 .debug_macro   0x0000000000026048      0x1d9 ./Core/Src/system_stm32l4xx.o
 .debug_macro   0x0000000000026221      0x1f2 ./Core/Src/usart.o
 .debug_macro   0x0000000000026413      0x227 ./Drivers/STM32L4xx_HAL_Driver/Src/stm32l4xx_hal.o
 .debug_macro   0x000000000002663a      0x1d9 ./Drivers/STM32L4xx_HAL_Driver/Src/stm32l4xx_hal_cortex.o
 .debug_macro   0x0000000000026813      0x1e8 ./Drivers/STM32L4xx_HAL_Driver/Src/stm32l4xx_hal_dac.o
 .debug_macro   0x00000000000269fb      0x1e0 ./Drivers/STM32L4xx_HAL_Driver/Src/stm32l4xx_hal_gpio.o
 .debug_macro   0x0000000000026bdb      0x1fd ./Drivers/STM32L4xx_HAL_Driver/Src/stm32l4xx_hal_pwr_ex.o
 .debug_macro   0x0000000000026dd8      0x21b ./Drivers/STM32L4xx_HAL_Driver/Src/stm32l4xx_hal_rcc.o
 .debug_macro   0x0000000000026ff3      0x20f ./Drivers/STM32L4xx_HAL_Driver/Src/stm32l4xx_hal_rcc_ex.o
 .debug_macro   0x0000000000027202      0x204 ./Drivers/STM32L4xx_HAL_Driver/Src/stm32l4xx_hal_uart.o

.debug_line     0x0000000000000000     0xd4f2
 .debug_line    0x0000000000000000      0x75a ./Core/Src/dac.o
 .debug_line    0x000000000000075a      0x70f ./Core/Src/gpio.o
 .debug_line    0x0000000000000e69      0x998 ./Core/Src/main.o
 .debug_line    0x0000000000001801      0x6f5 ./Core/Src/stm32l4xx_hal_msp.o
 .debug_line    0x0000000000001ef6      0x7b8 ./Core/Src/stm32l4xx_it.o
 .debug_line    0x00000000000026ae      0x7fe ./Core/Src/syscalls.o
 .debug_line    0x0000000000002eac      0x4f4 ./Core/Src/sysmem.o
 .debug_line    0x00000000000033a0      0x78d ./Core/Src/system_stm32l4xx.o
 .debug_line    0x0000000000003b2d      0x777 ./Core/Src/usart.o
 .debug_line    0x00000000000042a4       0x88 ./Core/Startup/startup_stm32l476rgtx.o
 .debug_line    0x000000000000432c      0xae6 ./Drivers/STM32L4xx_HAL_Driver/Src/stm32l4xx_hal.o
 .debug_line    0x0000000000004e12      0xc8c ./Drivers/STM32L4xx_HAL_Driver/Src/stm32l4xx_hal_cortex.o
 .debug_line    0x0000000000005a9e      0xbbe ./Drivers/STM32L4xx_HAL_Driver/Src/stm32l4xx_hal_dac.o
 .debug_line    0x000000000000665c      0xb59 ./Drivers/STM32L4xx_HAL_Driver/Src/stm32l4xx_hal_gpio.o
 .debug_line    0x00000000000071b5      0xcdd ./Drivers/STM32L4xx_HAL_Driver/Src/stm32l4xx_hal_pwr_ex.o
 .debug_line    0x0000000000007e92      0xf5f ./Drivers/STM32L4xx_HAL_Driver/Src/stm32l4xx_hal_rcc.o
 .debug_line    0x0000000000008df1     0x149e ./Drivers/STM32L4xx_HAL_Driver/Src/stm32l4xx_hal_rcc_ex.o
 .debug_line    0x000000000000a28f     0x3263 ./Drivers/STM32L4xx_HAL_Driver/Src/stm32l4xx_hal_uart.o

.debug_str      0x0000000000000000    0xec906
 .debug_str     0x0000000000000000    0xe43c5 ./Core/Src/dac.o
                                      0xe469e (size before relaxing)
 .debug_str     0x00000000000e43c5       0x68 ./Core/Src/gpio.o
                                      0xe424c (size before relaxing)
 .debug_str     0x00000000000e442d     0x3339 ./Core/Src/main.o
                                      0xe7762 (size before relaxing)
 .debug_str     0x00000000000e7766       0x2c ./Core/Src/stm32l4xx_hal_msp.o
                                      0xe417c (size before relaxing)
 .debug_str     0x00000000000e7792       0xc9 ./Core/Src/stm32l4xx_it.o
                                      0xe40b5 (size before relaxing)
 .debug_str     0x00000000000e785b     0x2613 ./Core/Src/syscalls.o
                                       0x8a75 (size before relaxing)
 .debug_str     0x00000000000e9e6e       0x6b ./Core/Src/sysmem.o
                                       0x5db1 (size before relaxing)
 .debug_str     0x00000000000e9ed9       0xf2 ./Core/Src/system_stm32l4xx.o
                                      0xe411d (size before relaxing)
 .debug_str     0x00000000000e9fcb      0x2c5 ./Core/Src/usart.o
                                      0xe494e (size before relaxing)
 .debug_str     0x00000000000ea290       0x36 ./Core/Startup/startup_stm32l476rgtx.o
                                         0x73 (size before relaxing)
 .debug_str     0x00000000000ea2c6      0xafc ./Drivers/STM32L4xx_HAL_Driver/Src/stm32l4xx_hal.o
                                      0xe4d1c (size before relaxing)
 .debug_str     0x00000000000eadc2      0x344 ./Drivers/STM32L4xx_HAL_Driver/Src/stm32l4xx_hal_cortex.o
                                      0xe4964 (size before relaxing)
 .debug_str     0x00000000000eb106      0x247 ./Drivers/STM32L4xx_HAL_Driver/Src/stm32l4xx_hal_dac.o
                                      0xe45e9 (size before relaxing)
 .debug_str     0x00000000000eb34d      0x110 ./Drivers/STM32L4xx_HAL_Driver/Src/stm32l4xx_hal_gpio.o
                                      0xe4296 (size before relaxing)
 .debug_str     0x00000000000eb45d      0x4e3 ./Drivers/STM32L4xx_HAL_Driver/Src/stm32l4xx_hal_pwr_ex.o
                                      0xe4678 (size before relaxing)
 .debug_str     0x00000000000eb940      0x345 ./Drivers/STM32L4xx_HAL_Driver/Src/stm32l4xx_hal_rcc.o
                                      0xe4763 (size before relaxing)
 .debug_str     0x00000000000ebc85      0x3bf ./Drivers/STM32L4xx_HAL_Driver/Src/stm32l4xx_hal_rcc_ex.o
                                      0xe48dc (size before relaxing)
 .debug_str     0x00000000000ec044      0x8c2 ./Drivers/STM32L4xx_HAL_Driver/Src/stm32l4xx_hal_uart.o
                                      0xe4e4d (size before relaxing)

.comment        0x0000000000000000       0x50
 .comment       0x0000000000000000       0x50 ./Core/Src/dac.o
                                         0x51 (size before relaxing)
 .comment       0x0000000000000050       0x51 ./Core/Src/gpio.o
 .comment       0x0000000000000050       0x51 ./Core/Src/main.o
 .comment       0x0000000000000050       0x51 ./Core/Src/stm32l4xx_hal_msp.o
 .comment       0x0000000000000050       0x51 ./Core/Src/stm32l4xx_it.o
 .comment       0x0000000000000050       0x51 ./Core/Src/syscalls.o
 .comment       0x0000000000000050       0x51 ./Core/Src/sysmem.o
 .comment       0x0000000000000050       0x51 ./Core/Src/system_stm32l4xx.o
 .comment       0x0000000000000050       0x51 ./Core/Src/usart.o
 .comment       0x0000000000000050       0x51 ./Drivers/STM32L4xx_HAL_Driver/Src/stm32l4xx_hal.o
 .comment       0x0000000000000050       0x51 ./Drivers/STM32L4xx_HAL_Driver/Src/stm32l4xx_hal_cortex.o
 .comment       0x0000000000000050       0x51 ./Drivers/STM32L4xx_HAL_Driver/Src/stm32l4xx_hal_dac.o
 .comment       0x0000000000000050       0x51 ./Drivers/STM32L4xx_HAL_Driver/Src/stm32l4xx_hal_gpio.o
 .comment       0x0000000000000050       0x51 ./Drivers/STM32L4xx_HAL_Driver/Src/stm32l4xx_hal_pwr_ex.o
 .comment       0x0000000000000050       0x51 ./Drivers/STM32L4xx_HAL_Driver/Src/stm32l4xx_hal_rcc.o
 .comment       0x0000000000000050       0x51 ./Drivers/STM32L4xx_HAL_Driver/Src/stm32l4xx_hal_rcc_ex.o
 .comment       0x0000000000000050       0x51 ./Drivers/STM32L4xx_HAL_Driver/Src/stm32l4xx_hal_uart.o

.debug_frame    0x0000000000000000     0x31d8
 .debug_frame   0x0000000000000000       0x7c ./Core/Src/dac.o
 .debug_frame   0x000000000000007c       0x34 ./Core/Src/gpio.o
 .debug_frame   0x00000000000000b0       0xdc ./Core/Src/main.o
 .debug_frame   0x000000000000018c       0x38 ./Core/Src/stm32l4xx_hal_msp.o
 .debug_frame   0x00000000000001c4      0x104 ./Core/Src/stm32l4xx_it.o
 .debug_frame   0x00000000000002c8      0x2ac ./Core/Src/syscalls.o
 .debug_frame   0x0000000000000574       0x34 ./Core/Src/sysmem.o
 .debug_frame   0x00000000000005a8       0x58 ./Core/Src/system_stm32l4xx.o
 .debug_frame   0x0000000000000600       0x78 ./Core/Src/usart.o
 .debug_frame   0x0000000000000678      0x498 ./Drivers/STM32L4xx_HAL_Driver/Src/stm32l4xx_hal.o
 .debug_frame   0x0000000000000b10      0x498 ./Drivers/STM32L4xx_HAL_Driver/Src/stm32l4xx_hal_cortex.o
 .debug_frame   0x0000000000000fa8      0x338 ./Drivers/STM32L4xx_HAL_Driver/Src/stm32l4xx_hal_dac.o
 .debug_frame   0x00000000000012e0      0x14c ./Drivers/STM32L4xx_HAL_Driver/Src/stm32l4xx_hal_gpio.o
 .debug_frame   0x000000000000142c      0x584 ./Drivers/STM32L4xx_HAL_Driver/Src/stm32l4xx_hal_pwr_ex.o
 .debug_frame   0x00000000000019b0      0x21c ./Drivers/STM32L4xx_HAL_Driver/Src/stm32l4xx_hal_rcc.o
 .debug_frame   0x0000000000001bcc      0x2fc ./Drivers/STM32L4xx_HAL_Driver/Src/stm32l4xx_hal_rcc_ex.o
 .debug_frame   0x0000000000001ec8      0x9f4 ./Drivers/STM32L4xx_HAL_Driver/Src/stm32l4xx_hal_uart.o
 .debug_frame   0x00000000000028bc       0x30 c:/st/stm32cubeide_1.11.0/stm32cubeide/plugins/com.st.stm32cube.ide.mcu.externaltools.gnu-tools-for-stm32.10.3-2021.10.win32_1.0.100.202210260954/tools/bin/../lib/gcc/arm-none-eabi/10.3.1/../../../../arm-none-eabi/lib/thumb/v7e-m+fp/hard\libc_nano.a(lib_a-atoi.o)